06:33:59 **** Incremental Build of configuration Debug for project vdma ****
make all 
make: Nothing to be done for 'all'.
06:35:12 **** Auto Build of configuration Debug for project vdma ****
make all 
Building file: ../src/main.cc
Invoking: ARM g++ compiler
arm-xilinx-eabi-g++ -Wall -O0 -g3 -c -fmessage-length=0 -MT"src/main.o" -I../../vdma_bsp_0/ps7_cortexa9_0/include -MMD -MP -MF"src/main.d" -MT"src/main.d" -o "src/main.o" "../src/main.cc"
../src/main.cc: In function 'int main()':
../src/main.cc:168:6: warning: unused variable 'hsize_active_input' [-Wunused-variable]
  int hsize_active_input, vsize_active_input;   // rozdzielczosc - tylko aktywyny obszar - wejscie
      ^
../src/main.cc:168:26: warning: unused variable 'vsize_active_input' [-Wunused-variable]
  int hsize_active_input, vsize_active_input;   // rozdzielczosc - tylko aktywyny obszar - wejscie
                          ^
../src/main.cc:170:6: warning: unused variable 'hsize_output' [-Wunused-variable]
  int hsize_output, vsize_output;      // rozdzielczosc - cala ramka - wyjscie
      ^
../src/main.cc:170:20: warning: unused variable 'vsize_output' [-Wunused-variable]
  int hsize_output, vsize_output;      // rozdzielczosc - cala ramka - wyjscie
                    ^
../src/main.cc:171:6: warning: unused variable 'hsize_active_output' [-Wunused-variable]
  int hsize_active_output, vsize_active_output;   // rozdzielczosc - tylko aktywyny obszar - wyjscie
      ^
../src/main.cc:171:27: warning: unused variable 'vsize_active_output' [-Wunused-variable]
  int hsize_active_output, vsize_active_output;   // rozdzielczosc - tylko aktywyny obszar - wyjscie
                           ^
../src/main.cc:173:6: warning: unused variable 'active_input' [-Wunused-variable]
  int active_input;
      ^
../src/main.cc:174:6: warning: unused variable 'active_output' [-Wunused-variable]
  int active_output;
      ^
../src/main.cc:177:6: warning: unused variable 'vdma_write_SR' [-Wunused-variable]
  u32 vdma_write_SR,vdma_read_SR;
      ^
../src/main.cc:177:20: warning: unused variable 'vdma_read_SR' [-Wunused-variable]
  u32 vdma_write_SR,vdma_read_SR;
                    ^
../src/main.cc:182:6: warning: unused variable 'vdma_park' [-Wunused-variable]
  int vdma_park = 0;
      ^
../src/main.cc:183:6: warning: unused variable 'vdma_wrfrmstore' [-Wunused-variable]
  int vdma_wrfrmstore =0;
      ^
../src/main.cc:184:6: warning: unused variable 'vdma_wrfrmptrref' [-Wunused-variable]
  int vdma_wrfrmptrref = 0;
      ^
../src/main.cc:186:6: warning: unused variable 'bbox_xs' [-Wunused-variable]
  int bbox_xs, bbox_xe, bbox_ys, bbox_ye;
      ^
../src/main.cc:186:15: warning: unused variable 'bbox_xe' [-Wunused-variable]
  int bbox_xs, bbox_xe, bbox_ys, bbox_ye;
               ^
../src/main.cc:186:24: warning: unused variable 'bbox_ys' [-Wunused-variable]
  int bbox_xs, bbox_xe, bbox_ys, bbox_ye;
                        ^
../src/main.cc:186:33: warning: unused variable 'bbox_ye' [-Wunused-variable]
  int bbox_xs, bbox_xe, bbox_ys, bbox_ye;
                                 ^
../src/main.cc:187:6: warning: unused variable 'm00' [-Wunused-variable]
  int m00;
      ^
Finished building: ../src/main.cc
 
Building target: vdma.elf
Invoking: ARM g++ linker
arm-xilinx-eabi-g++ -Wl,-T -Wl,../src/lscript.ld -L../../vdma_bsp_0/ps7_cortexa9_0/lib -o "vdma.elf"  ./src/bgModelFixed.o ./src/bgModelFloat.o ./src/image_processing_functions.o ./src/labellerOnePass.o ./src/main.o ./src/objectAnalysis.o ./src/platform.o   -Wl,--start-group,-lxil,-lgcc,-lc,-lstdc++,--end-group
Finished building target: vdma.elf
 
Invoking: ARM Print Size
arm-xilinx-eabi-size vdma.elf  |tee "vdma.elf.size"
   text	   data	    bss	    dec	    hex	filename
 580788	   2704	31093040	31676532	1e35874	vdma.elf
Finished building: vdma.elf.size
 
06:36:39 **** Auto Build of configuration Debug for project vdma ****
make all 
Building file: ../src/objectAnalysis.cpp
Invoking: ARM g++ compiler
arm-xilinx-eabi-g++ -Wall -O0 -g3 -c -fmessage-length=0 -MT"src/objectAnalysis.o" -I../../vdma_bsp_0/ps7_cortexa9_0/include -MMD -MP -MF"src/objectAnalysis.d" -MT"src/objectAnalysis.d" -o "src/objectAnalysis.o" "../src/objectAnalysis.cpp"
../src/objectAnalysis.cpp: In member function 'void objectAnalysis::step(unsigned int, object*)':
../src/objectAnalysis.cpp:41:25: warning: comparison between signed and unsigned integer expressions [-Wsign-compare]
         for (int i=0; i < noObjects; i++) {
                         ^
../src/objectAnalysis.cpp:80:31: warning: comparison between signed and unsigned integer expressions [-Wsign-compare]
         for (int iPO = 0; iPO < m_objects.size(); iPO++) {
                               ^
../src/objectAnalysis.cpp:84:30: warning: comparison between signed and unsigned integer expressions [-Wsign-compare]
         for (int iNO =0; iNO < noObjects; iNO ++) { // loop over the new objects ...
                              ^
../src/objectAnalysis.cpp:95:39: warning: comparison between signed and unsigned integer expressions [-Wsign-compare]
                 for (int iPO = 0; iPO < m_objects.size(); iPO++) {
                                       ^
../src/objectAnalysis.cpp:193:27: warning: comparison between signed and unsigned integer expressions [-Wsign-compare]
     for (int iPO = 0; iPO < m_objects.size(); iPO++) {
                           ^
../src/objectAnalysis.cpp: In member function 'void objectAnalysis::simpleObjectAnalysis(unsigned int, object*)':
../src/objectAnalysis.cpp:246:23: warning: comparison between signed and unsigned integer expressions [-Wsign-compare]
       for (int i=0; i < noObjects; i++) {
                       ^
../src/objectAnalysis.cpp: In member function 'void objectAnalysis::displayObjectParameters()':
../src/objectAnalysis.cpp:297:22: warning: comparison between signed and unsigned integer expressions [-Wsign-compare]
     for (int  i=0; i < m_objects.size(); i++ ) {
                      ^
../src/objectAnalysis.cpp: In member function 'void objectAnalysis::getObjectParameters(unsigned int&, objectParameters*)':
../src/objectAnalysis.cpp:314:22: warning: comparison between signed and unsigned integer expressions [-Wsign-compare]
     for (int  i=0; i < m_objects.size(); i++ ) {
                      ^
Finished building: ../src/objectAnalysis.cpp
 
Building target: vdma.elf
Invoking: ARM g++ linker
arm-xilinx-eabi-g++ -Wl,-T -Wl,../src/lscript.ld -L../../vdma_bsp_0/ps7_cortexa9_0/lib -o "vdma.elf"  ./src/bgModelFixed.o ./src/bgModelFloat.o ./src/image_processing_functions.o ./src/labellerOnePass.o ./src/main.o ./src/objectAnalysis.o ./src/platform.o   -Wl,--start-group,-lxil,-lgcc,-lc,-lstdc++,--end-group
Finished building target: vdma.elf
 
Invoking: ARM Print Size
arm-xilinx-eabi-size vdma.elf  |tee "vdma.elf.size"
   text	   data	    bss	    dec	    hex	filename
 580164	   2704	31093040	31675908	1e35604	vdma.elf
Finished building: vdma.elf.size
 
06:37:02 **** Incremental Build of configuration Debug for project vdma ****
make all 
make: Nothing to be done for 'all'.
06:37:43 **** Incremental Build of configuration Debug for project vdma ****
make all 
make: Nothing to be done for 'all'.
06:39:20 **** Auto Build of configuration Debug for project vdma ****
make all 
Building file: ../src/main.cc
Invoking: ARM g++ compiler
arm-xilinx-eabi-g++ -Wall -O0 -g3 -c -fmessage-length=0 -MT"src/main.o" -I../../vdma_bsp_0/ps7_cortexa9_0/include -MMD -MP -MF"src/main.d" -MT"src/main.d" -o "src/main.o" "../src/main.cc"
../src/main.cc: In function 'int main()':
../src/main.cc:168:6: warning: unused variable 'hsize_active_input' [-Wunused-variable]
  int hsize_active_input, vsize_active_input;   // rozdzielczosc - tylko aktywyny obszar - wejscie
      ^
../src/main.cc:168:26: warning: unused variable 'vsize_active_input' [-Wunused-variable]
  int hsize_active_input, vsize_active_input;   // rozdzielczosc - tylko aktywyny obszar - wejscie
                          ^
../src/main.cc:170:6: warning: unused variable 'hsize_output' [-Wunused-variable]
  int hsize_output, vsize_output;      // rozdzielczosc - cala ramka - wyjscie
      ^
../src/main.cc:170:20: warning: unused variable 'vsize_output' [-Wunused-variable]
  int hsize_output, vsize_output;      // rozdzielczosc - cala ramka - wyjscie
                    ^
../src/main.cc:171:6: warning: unused variable 'hsize_active_output' [-Wunused-variable]
  int hsize_active_output, vsize_active_output;   // rozdzielczosc - tylko aktywyny obszar - wyjscie
      ^
../src/main.cc:171:27: warning: unused variable 'vsize_active_output' [-Wunused-variable]
  int hsize_active_output, vsize_active_output;   // rozdzielczosc - tylko aktywyny obszar - wyjscie
                           ^
../src/main.cc:173:6: warning: unused variable 'active_input' [-Wunused-variable]
  int active_input;
      ^
../src/main.cc:174:6: warning: unused variable 'active_output' [-Wunused-variable]
  int active_output;
      ^
../src/main.cc:177:6: warning: unused variable 'vdma_write_SR' [-Wunused-variable]
  u32 vdma_write_SR,vdma_read_SR;
      ^
../src/main.cc:177:20: warning: unused variable 'vdma_read_SR' [-Wunused-variable]
  u32 vdma_write_SR,vdma_read_SR;
                    ^
../src/main.cc:182:6: warning: unused variable 'vdma_park' [-Wunused-variable]
  int vdma_park = 0;
      ^
../src/main.cc:183:6: warning: unused variable 'vdma_wrfrmstore' [-Wunused-variable]
  int vdma_wrfrmstore =0;
      ^
../src/main.cc:184:6: warning: unused variable 'vdma_wrfrmptrref' [-Wunused-variable]
  int vdma_wrfrmptrref = 0;
      ^
../src/main.cc:186:6: warning: unused variable 'bbox_xs' [-Wunused-variable]
  int bbox_xs, bbox_xe, bbox_ys, bbox_ye;
      ^
../src/main.cc:186:15: warning: unused variable 'bbox_xe' [-Wunused-variable]
  int bbox_xs, bbox_xe, bbox_ys, bbox_ye;
               ^
../src/main.cc:186:24: warning: unused variable 'bbox_ys' [-Wunused-variable]
  int bbox_xs, bbox_xe, bbox_ys, bbox_ye;
                        ^
../src/main.cc:186:33: warning: unused variable 'bbox_ye' [-Wunused-variable]
  int bbox_xs, bbox_xe, bbox_ys, bbox_ye;
                                 ^
../src/main.cc:187:6: warning: unused variable 'm00' [-Wunused-variable]
  int m00;
      ^
../src/main.cc:189:7: warning: variable 'obToRemove' set but not used [-Wunused-but-set-variable]
  bbox obToRemove;
       ^
../src/main.cc:195:15: warning: unused variable 'noObjects' [-Wunused-variable]
  unsigned int noObjects;                                                         // number of objects detected on a sigle frame
               ^
Finished building: ../src/main.cc
 
Building target: vdma.elf
Invoking: ARM g++ linker
arm-xilinx-eabi-g++ -Wl,-T -Wl,../src/lscript.ld -L../../vdma_bsp_0/ps7_cortexa9_0/lib -o "vdma.elf"  ./src/bgModelFixed.o ./src/bgModelFloat.o ./src/image_processing_functions.o ./src/labellerOnePass.o ./src/main.o ./src/objectAnalysis.o ./src/platform.o   -Wl,--start-group,-lxil,-lgcc,-lc,-lstdc++,--end-group
Finished building target: vdma.elf
 
Invoking: ARM Print Size
arm-xilinx-eabi-size vdma.elf  |tee "vdma.elf.size"
   text	   data	    bss	    dec	    hex	filename
 579488	   2704	31093040	31675232	1e35360	vdma.elf
Finished building: vdma.elf.size
 
06:39:21 **** Incremental Build of configuration Debug for project vdma ****
make all 
make: Nothing to be done for 'all'.
06:39:33 **** Auto Build of configuration Debug for project vdma ****
make all 
Building file: ../src/main.cc
Invoking: ARM g++ compiler
arm-xilinx-eabi-g++ -Wall -O0 -g3 -c -fmessage-length=0 -MT"src/main.o" -I../../vdma_bsp_0/ps7_cortexa9_0/include -MMD -MP -MF"src/main.d" -MT"src/main.d" -o "src/main.o" "../src/main.cc"
../src/main.cc: In function 'int main()':
../src/main.cc:168:6: warning: unused variable 'hsize_active_input' [-Wunused-variable]
  int hsize_active_input, vsize_active_input;   // rozdzielczosc - tylko aktywyny obszar - wejscie
      ^
../src/main.cc:168:26: warning: unused variable 'vsize_active_input' [-Wunused-variable]
  int hsize_active_input, vsize_active_input;   // rozdzielczosc - tylko aktywyny obszar - wejscie
                          ^
../src/main.cc:170:6: warning: unused variable 'hsize_output' [-Wunused-variable]
  int hsize_output, vsize_output;      // rozdzielczosc - cala ramka - wyjscie
      ^
../src/main.cc:170:20: warning: unused variable 'vsize_output' [-Wunused-variable]
  int hsize_output, vsize_output;      // rozdzielczosc - cala ramka - wyjscie
                    ^
../src/main.cc:171:6: warning: unused variable 'hsize_active_output' [-Wunused-variable]
  int hsize_active_output, vsize_active_output;   // rozdzielczosc - tylko aktywyny obszar - wyjscie
      ^
../src/main.cc:171:27: warning: unused variable 'vsize_active_output' [-Wunused-variable]
  int hsize_active_output, vsize_active_output;   // rozdzielczosc - tylko aktywyny obszar - wyjscie
                           ^
../src/main.cc:173:6: warning: unused variable 'active_input' [-Wunused-variable]
  int active_input;
      ^
../src/main.cc:174:6: warning: unused variable 'active_output' [-Wunused-variable]
  int active_output;
      ^
../src/main.cc:177:6: warning: unused variable 'vdma_write_SR' [-Wunused-variable]
  u32 vdma_write_SR,vdma_read_SR;
      ^
../src/main.cc:177:20: warning: unused variable 'vdma_read_SR' [-Wunused-variable]
  u32 vdma_write_SR,vdma_read_SR;
                    ^
../src/main.cc:182:6: warning: unused variable 'vdma_park' [-Wunused-variable]
  int vdma_park = 0;
      ^
../src/main.cc:183:6: warning: unused variable 'vdma_wrfrmstore' [-Wunused-variable]
  int vdma_wrfrmstore =0;
      ^
../src/main.cc:184:6: warning: unused variable 'vdma_wrfrmptrref' [-Wunused-variable]
  int vdma_wrfrmptrref = 0;
      ^
../src/main.cc:186:6: warning: unused variable 'bbox_xs' [-Wunused-variable]
  int bbox_xs, bbox_xe, bbox_ys, bbox_ye;
      ^
../src/main.cc:186:15: warning: unused variable 'bbox_xe' [-Wunused-variable]
  int bbox_xs, bbox_xe, bbox_ys, bbox_ye;
               ^
../src/main.cc:186:24: warning: unused variable 'bbox_ys' [-Wunused-variable]
  int bbox_xs, bbox_xe, bbox_ys, bbox_ye;
                        ^
../src/main.cc:186:33: warning: unused variable 'bbox_ye' [-Wunused-variable]
  int bbox_xs, bbox_xe, bbox_ys, bbox_ye;
                                 ^
../src/main.cc:187:6: warning: unused variable 'm00' [-Wunused-variable]
  int m00;
      ^
../src/main.cc:189:7: warning: variable 'obToRemove' set but not used [-Wunused-but-set-variable]
  bbox obToRemove;
       ^
../src/main.cc:195:15: warning: unused variable 'noObjects' [-Wunused-variable]
  unsigned int noObjects;                                                         // number of objects detected on a sigle frame
               ^
../src/main.cc:198:9: warning: unused variable 'objects' [-Wunused-variable]
  object objects[MAX_LABELS];
         ^
../src/main.cc:199:19: warning: unused variable 'obParameters' [-Wunused-variable]
  objectParameters obParameters[MAX_LABELS];
                   ^
Finished building: ../src/main.cc
 
Building target: vdma.elf
Invoking: ARM g++ linker
arm-xilinx-eabi-g++ -Wl,-T -Wl,../src/lscript.ld -L../../vdma_bsp_0/ps7_cortexa9_0/lib -o "vdma.elf"  ./src/bgModelFixed.o ./src/bgModelFloat.o ./src/image_processing_functions.o ./src/labellerOnePass.o ./src/main.o ./src/objectAnalysis.o ./src/platform.o   -Wl,--start-group,-lxil,-lgcc,-lc,-lstdc++,--end-group
Finished building target: vdma.elf
 
Invoking: ARM Print Size
arm-xilinx-eabi-size vdma.elf  |tee "vdma.elf.size"
   text	   data	    bss	    dec	    hex	filename
 579488	   2704	31093040	31675232	1e35360	vdma.elf
Finished building: vdma.elf.size
 
06:39:35 **** Incremental Build of configuration Debug for project vdma ****
make all 
make: Nothing to be done for 'all'.
06:40:05 **** Auto Build of configuration Debug for project vdma ****
make all 
Building file: ../src/main.cc
Invoking: ARM g++ compiler
arm-xilinx-eabi-g++ -Wall -O0 -g3 -c -fmessage-length=0 -MT"src/main.o" -I../../vdma_bsp_0/ps7_cortexa9_0/include -MMD -MP -MF"src/main.d" -MT"src/main.d" -o "src/main.o" "../src/main.cc"
../src/main.cc: In function 'int main()':
../src/main.cc:168:6: warning: unused variable 'hsize_active_input' [-Wunused-variable]
  int hsize_active_input, vsize_active_input;   // rozdzielczosc - tylko aktywyny obszar - wejscie
      ^
../src/main.cc:168:26: warning: unused variable 'vsize_active_input' [-Wunused-variable]
  int hsize_active_input, vsize_active_input;   // rozdzielczosc - tylko aktywyny obszar - wejscie
                          ^
../src/main.cc:170:6: warning: unused variable 'hsize_output' [-Wunused-variable]
  int hsize_output, vsize_output;      // rozdzielczosc - cala ramka - wyjscie
      ^
../src/main.cc:170:20: warning: unused variable 'vsize_output' [-Wunused-variable]
  int hsize_output, vsize_output;      // rozdzielczosc - cala ramka - wyjscie
                    ^
../src/main.cc:171:6: warning: unused variable 'hsize_active_output' [-Wunused-variable]
  int hsize_active_output, vsize_active_output;   // rozdzielczosc - tylko aktywyny obszar - wyjscie
      ^
../src/main.cc:171:27: warning: unused variable 'vsize_active_output' [-Wunused-variable]
  int hsize_active_output, vsize_active_output;   // rozdzielczosc - tylko aktywyny obszar - wyjscie
                           ^
../src/main.cc:173:6: warning: unused variable 'active_input' [-Wunused-variable]
  int active_input;
      ^
../src/main.cc:174:6: warning: unused variable 'active_output' [-Wunused-variable]
  int active_output;
      ^
../src/main.cc:177:6: warning: unused variable 'vdma_write_SR' [-Wunused-variable]
  u32 vdma_write_SR,vdma_read_SR;
      ^
../src/main.cc:177:20: warning: unused variable 'vdma_read_SR' [-Wunused-variable]
  u32 vdma_write_SR,vdma_read_SR;
                    ^
../src/main.cc:182:6: warning: unused variable 'vdma_park' [-Wunused-variable]
  int vdma_park = 0;
      ^
../src/main.cc:183:6: warning: unused variable 'vdma_wrfrmstore' [-Wunused-variable]
  int vdma_wrfrmstore =0;
      ^
../src/main.cc:184:6: warning: unused variable 'vdma_wrfrmptrref' [-Wunused-variable]
  int vdma_wrfrmptrref = 0;
      ^
../src/main.cc:186:6: warning: unused variable 'bbox_xs' [-Wunused-variable]
  int bbox_xs, bbox_xe, bbox_ys, bbox_ye;
      ^
../src/main.cc:186:15: warning: unused variable 'bbox_xe' [-Wunused-variable]
  int bbox_xs, bbox_xe, bbox_ys, bbox_ye;
               ^
../src/main.cc:186:24: warning: unused variable 'bbox_ys' [-Wunused-variable]
  int bbox_xs, bbox_xe, bbox_ys, bbox_ye;
                        ^
../src/main.cc:186:33: warning: unused variable 'bbox_ye' [-Wunused-variable]
  int bbox_xs, bbox_xe, bbox_ys, bbox_ye;
                                 ^
../src/main.cc:187:6: warning: unused variable 'm00' [-Wunused-variable]
  int m00;
      ^
../src/main.cc:189:7: warning: variable 'obToRemove' set but not used [-Wunused-but-set-variable]
  bbox obToRemove;
       ^
../src/main.cc:195:15: warning: unused variable 'noObjects' [-Wunused-variable]
  unsigned int noObjects;                                                         // number of objects detected on a sigle frame
               ^
Finished building: ../src/main.cc
 
Building target: vdma.elf
Invoking: ARM g++ linker
arm-xilinx-eabi-g++ -Wl,-T -Wl,../src/lscript.ld -L../../vdma_bsp_0/ps7_cortexa9_0/lib -o "vdma.elf"  ./src/bgModelFixed.o ./src/bgModelFloat.o ./src/image_processing_functions.o ./src/labellerOnePass.o ./src/main.o ./src/objectAnalysis.o ./src/platform.o   -Wl,--start-group,-lxil,-lgcc,-lc,-lstdc++,--end-group
Finished building target: vdma.elf
 
Invoking: ARM Print Size
arm-xilinx-eabi-size vdma.elf  |tee "vdma.elf.size"
   text	   data	    bss	    dec	    hex	filename
 579488	   2704	31093040	31675232	1e35360	vdma.elf
Finished building: vdma.elf.size
 
06:40:06 **** Incremental Build of configuration Debug for project vdma ****
make all 
make: Nothing to be done for 'all'.
06:40:14 **** Auto Build of configuration Debug for project vdma ****
make all 
Building file: ../src/main.cc
Invoking: ARM g++ compiler
arm-xilinx-eabi-g++ -Wall -O0 -g3 -c -fmessage-length=0 -MT"src/main.o" -I../../vdma_bsp_0/ps7_cortexa9_0/include -MMD -MP -MF"src/main.d" -MT"src/main.d" -o "src/main.o" "../src/main.cc"
../src/main.cc: In function 'int main()':
../src/main.cc:168:6: warning: unused variable 'hsize_active_input' [-Wunused-variable]
  int hsize_active_input, vsize_active_input;   // rozdzielczosc - tylko aktywyny obszar - wejscie
      ^
../src/main.cc:168:26: warning: unused variable 'vsize_active_input' [-Wunused-variable]
  int hsize_active_input, vsize_active_input;   // rozdzielczosc - tylko aktywyny obszar - wejscie
                          ^
../src/main.cc:170:6: warning: unused variable 'hsize_output' [-Wunused-variable]
  int hsize_output, vsize_output;      // rozdzielczosc - cala ramka - wyjscie
      ^
../src/main.cc:170:20: warning: unused variable 'vsize_output' [-Wunused-variable]
  int hsize_output, vsize_output;      // rozdzielczosc - cala ramka - wyjscie
                    ^
../src/main.cc:171:6: warning: unused variable 'hsize_active_output' [-Wunused-variable]
  int hsize_active_output, vsize_active_output;   // rozdzielczosc - tylko aktywyny obszar - wyjscie
      ^
../src/main.cc:171:27: warning: unused variable 'vsize_active_output' [-Wunused-variable]
  int hsize_active_output, vsize_active_output;   // rozdzielczosc - tylko aktywyny obszar - wyjscie
                           ^
../src/main.cc:173:6: warning: unused variable 'active_input' [-Wunused-variable]
  int active_input;
      ^
../src/main.cc:174:6: warning: unused variable 'active_output' [-Wunused-variable]
  int active_output;
      ^
../src/main.cc:177:6: warning: unused variable 'vdma_write_SR' [-Wunused-variable]
  u32 vdma_write_SR,vdma_read_SR;
      ^
../src/main.cc:177:20: warning: unused variable 'vdma_read_SR' [-Wunused-variable]
  u32 vdma_write_SR,vdma_read_SR;
                    ^
../src/main.cc:182:6: warning: unused variable 'vdma_park' [-Wunused-variable]
  int vdma_park = 0;
      ^
../src/main.cc:183:6: warning: unused variable 'vdma_wrfrmstore' [-Wunused-variable]
  int vdma_wrfrmstore =0;
      ^
../src/main.cc:184:6: warning: unused variable 'vdma_wrfrmptrref' [-Wunused-variable]
  int vdma_wrfrmptrref = 0;
      ^
../src/main.cc:186:6: warning: unused variable 'bbox_xs' [-Wunused-variable]
  int bbox_xs, bbox_xe, bbox_ys, bbox_ye;
      ^
../src/main.cc:186:15: warning: unused variable 'bbox_xe' [-Wunused-variable]
  int bbox_xs, bbox_xe, bbox_ys, bbox_ye;
               ^
../src/main.cc:186:24: warning: unused variable 'bbox_ys' [-Wunused-variable]
  int bbox_xs, bbox_xe, bbox_ys, bbox_ye;
                        ^
../src/main.cc:186:33: warning: unused variable 'bbox_ye' [-Wunused-variable]
  int bbox_xs, bbox_xe, bbox_ys, bbox_ye;
                                 ^
../src/main.cc:187:6: warning: unused variable 'm00' [-Wunused-variable]
  int m00;
      ^
../src/main.cc:189:7: warning: variable 'obToRemove' set but not used [-Wunused-but-set-variable]
  bbox obToRemove;
       ^
../src/main.cc:195:15: warning: unused variable 'noObjects' [-Wunused-variable]
  unsigned int noObjects;                                                         // number of objects detected on a sigle frame
               ^
../src/main.cc:198:9: warning: unused variable 'objects' [-Wunused-variable]
  object objects[MAX_LABELS];
         ^
Finished building: ../src/main.cc
 
Building target: vdma.elf
Invoking: ARM g++ linker
arm-xilinx-eabi-g++ -Wl,-T -Wl,../src/lscript.ld -L../../vdma_bsp_0/ps7_cortexa9_0/lib -o "vdma.elf"  ./src/bgModelFixed.o ./src/bgModelFloat.o ./src/image_processing_functions.o ./src/labellerOnePass.o ./src/main.o ./src/objectAnalysis.o ./src/platform.o   -Wl,--start-group,-lxil,-lgcc,-lc,-lstdc++,--end-group
Finished building target: vdma.elf
 
Invoking: ARM Print Size
arm-xilinx-eabi-size vdma.elf  |tee "vdma.elf.size"
   text	   data	    bss	    dec	    hex	filename
 579488	   2704	31093040	31675232	1e35360	vdma.elf
Finished building: vdma.elf.size
 
06:40:16 **** Incremental Build of configuration Debug for project vdma ****
make all 
make: Nothing to be done for 'all'.
06:40:25 **** Auto Build of configuration Debug for project vdma ****
make all 
Building file: ../src/main.cc
Invoking: ARM g++ compiler
arm-xilinx-eabi-g++ -Wall -O0 -g3 -c -fmessage-length=0 -MT"src/main.o" -I../../vdma_bsp_0/ps7_cortexa9_0/include -MMD -MP -MF"src/main.d" -MT"src/main.d" -o "src/main.o" "../src/main.cc"
../src/main.cc: In function 'int main()':
../src/main.cc:168:6: warning: unused variable 'hsize_active_input' [-Wunused-variable]
  int hsize_active_input, vsize_active_input;   // rozdzielczosc - tylko aktywyny obszar - wejscie
      ^
../src/main.cc:168:26: warning: unused variable 'vsize_active_input' [-Wunused-variable]
  int hsize_active_input, vsize_active_input;   // rozdzielczosc - tylko aktywyny obszar - wejscie
                          ^
../src/main.cc:170:6: warning: unused variable 'hsize_output' [-Wunused-variable]
  int hsize_output, vsize_output;      // rozdzielczosc - cala ramka - wyjscie
      ^
../src/main.cc:170:20: warning: unused variable 'vsize_output' [-Wunused-variable]
  int hsize_output, vsize_output;      // rozdzielczosc - cala ramka - wyjscie
                    ^
../src/main.cc:171:6: warning: unused variable 'hsize_active_output' [-Wunused-variable]
  int hsize_active_output, vsize_active_output;   // rozdzielczosc - tylko aktywyny obszar - wyjscie
      ^
../src/main.cc:171:27: warning: unused variable 'vsize_active_output' [-Wunused-variable]
  int hsize_active_output, vsize_active_output;   // rozdzielczosc - tylko aktywyny obszar - wyjscie
                           ^
../src/main.cc:173:6: warning: unused variable 'active_input' [-Wunused-variable]
  int active_input;
      ^
../src/main.cc:174:6: warning: unused variable 'active_output' [-Wunused-variable]
  int active_output;
      ^
../src/main.cc:177:6: warning: unused variable 'vdma_write_SR' [-Wunused-variable]
  u32 vdma_write_SR,vdma_read_SR;
      ^
../src/main.cc:177:20: warning: unused variable 'vdma_read_SR' [-Wunused-variable]
  u32 vdma_write_SR,vdma_read_SR;
                    ^
../src/main.cc:182:6: warning: unused variable 'vdma_park' [-Wunused-variable]
  int vdma_park = 0;
      ^
../src/main.cc:183:6: warning: unused variable 'vdma_wrfrmstore' [-Wunused-variable]
  int vdma_wrfrmstore =0;
      ^
../src/main.cc:184:6: warning: unused variable 'vdma_wrfrmptrref' [-Wunused-variable]
  int vdma_wrfrmptrref = 0;
      ^
../src/main.cc:186:6: warning: unused variable 'bbox_xs' [-Wunused-variable]
  int bbox_xs, bbox_xe, bbox_ys, bbox_ye;
      ^
../src/main.cc:186:15: warning: unused variable 'bbox_xe' [-Wunused-variable]
  int bbox_xs, bbox_xe, bbox_ys, bbox_ye;
               ^
../src/main.cc:186:24: warning: unused variable 'bbox_ys' [-Wunused-variable]
  int bbox_xs, bbox_xe, bbox_ys, bbox_ye;
                        ^
../src/main.cc:186:33: warning: unused variable 'bbox_ye' [-Wunused-variable]
  int bbox_xs, bbox_xe, bbox_ys, bbox_ye;
                                 ^
../src/main.cc:187:6: warning: unused variable 'm00' [-Wunused-variable]
  int m00;
      ^
../src/main.cc:189:7: warning: variable 'obToRemove' set but not used [-Wunused-but-set-variable]
  bbox obToRemove;
       ^
../src/main.cc:195:15: warning: unused variable 'noObjects' [-Wunused-variable]
  unsigned int noObjects;                                                         // number of objects detected on a sigle frame
               ^
../src/main.cc:198:9: warning: unused variable 'objects' [-Wunused-variable]
  object objects[MAX_LABELS];
         ^
../src/main.cc:199:19: warning: unused variable 'obParameters' [-Wunused-variable]
  objectParameters obParameters[MAX_LABELS];
                   ^
Finished building: ../src/main.cc
 
Building target: vdma.elf
Invoking: ARM g++ linker
arm-xilinx-eabi-g++ -Wl,-T -Wl,../src/lscript.ld -L../../vdma_bsp_0/ps7_cortexa9_0/lib -o "vdma.elf"  ./src/bgModelFixed.o ./src/bgModelFloat.o ./src/image_processing_functions.o ./src/labellerOnePass.o ./src/main.o ./src/objectAnalysis.o ./src/platform.o   -Wl,--start-group,-lxil,-lgcc,-lc,-lstdc++,--end-group
Finished building target: vdma.elf
 
Invoking: ARM Print Size
arm-xilinx-eabi-size vdma.elf  |tee "vdma.elf.size"
   text	   data	    bss	    dec	    hex	filename
 579488	   2704	31093040	31675232	1e35360	vdma.elf
Finished building: vdma.elf.size
 
06:40:26 **** Incremental Build of configuration Debug for project vdma ****
make all 
make: Nothing to be done for 'all'.
06:40:39 **** Auto Build of configuration Debug for project vdma ****
make all 
Building file: ../src/main.cc
Invoking: ARM g++ compiler
arm-xilinx-eabi-g++ -Wall -O0 -g3 -c -fmessage-length=0 -MT"src/main.o" -I../../vdma_bsp_0/ps7_cortexa9_0/include -MMD -MP -MF"src/main.d" -MT"src/main.d" -o "src/main.o" "../src/main.cc"
../src/main.cc: In function 'int main()':
../src/main.cc:168:6: warning: unused variable 'hsize_active_input' [-Wunused-variable]
  int hsize_active_input, vsize_active_input;   // rozdzielczosc - tylko aktywyny obszar - wejscie
      ^
../src/main.cc:168:26: warning: unused variable 'vsize_active_input' [-Wunused-variable]
  int hsize_active_input, vsize_active_input;   // rozdzielczosc - tylko aktywyny obszar - wejscie
                          ^
../src/main.cc:170:6: warning: unused variable 'hsize_output' [-Wunused-variable]
  int hsize_output, vsize_output;      // rozdzielczosc - cala ramka - wyjscie
      ^
../src/main.cc:170:20: warning: unused variable 'vsize_output' [-Wunused-variable]
  int hsize_output, vsize_output;      // rozdzielczosc - cala ramka - wyjscie
                    ^
../src/main.cc:171:6: warning: unused variable 'hsize_active_output' [-Wunused-variable]
  int hsize_active_output, vsize_active_output;   // rozdzielczosc - tylko aktywyny obszar - wyjscie
      ^
../src/main.cc:171:27: warning: unused variable 'vsize_active_output' [-Wunused-variable]
  int hsize_active_output, vsize_active_output;   // rozdzielczosc - tylko aktywyny obszar - wyjscie
                           ^
../src/main.cc:173:6: warning: unused variable 'active_input' [-Wunused-variable]
  int active_input;
      ^
../src/main.cc:174:6: warning: unused variable 'active_output' [-Wunused-variable]
  int active_output;
      ^
../src/main.cc:177:6: warning: unused variable 'vdma_write_SR' [-Wunused-variable]
  u32 vdma_write_SR,vdma_read_SR;
      ^
../src/main.cc:177:20: warning: unused variable 'vdma_read_SR' [-Wunused-variable]
  u32 vdma_write_SR,vdma_read_SR;
                    ^
../src/main.cc:182:6: warning: unused variable 'vdma_park' [-Wunused-variable]
  int vdma_park = 0;
      ^
../src/main.cc:183:6: warning: unused variable 'vdma_wrfrmstore' [-Wunused-variable]
  int vdma_wrfrmstore =0;
      ^
../src/main.cc:184:6: warning: unused variable 'vdma_wrfrmptrref' [-Wunused-variable]
  int vdma_wrfrmptrref = 0;
      ^
../src/main.cc:186:6: warning: unused variable 'bbox_xs' [-Wunused-variable]
  int bbox_xs, bbox_xe, bbox_ys, bbox_ye;
      ^
../src/main.cc:186:15: warning: unused variable 'bbox_xe' [-Wunused-variable]
  int bbox_xs, bbox_xe, bbox_ys, bbox_ye;
               ^
../src/main.cc:186:24: warning: unused variable 'bbox_ys' [-Wunused-variable]
  int bbox_xs, bbox_xe, bbox_ys, bbox_ye;
                        ^
../src/main.cc:186:33: warning: unused variable 'bbox_ye' [-Wunused-variable]
  int bbox_xs, bbox_xe, bbox_ys, bbox_ye;
                                 ^
../src/main.cc:187:6: warning: unused variable 'm00' [-Wunused-variable]
  int m00;
      ^
../src/main.cc:189:7: warning: variable 'obToRemove' set but not used [-Wunused-but-set-variable]
  bbox obToRemove;
       ^
../src/main.cc:195:15: warning: unused variable 'noObjects' [-Wunused-variable]
  unsigned int noObjects;                                                         // number of objects detected on a sigle frame
               ^
../src/main.cc:198:9: warning: unused variable 'objects' [-Wunused-variable]
  object objects[MAX_LABELS];
         ^
../src/main.cc:199:19: warning: unused variable 'obParameters' [-Wunused-variable]
  objectParameters obParameters[MAX_LABELS];
                   ^
Finished building: ../src/main.cc
 
Building target: vdma.elf
Invoking: ARM g++ linker
arm-xilinx-eabi-g++ -Wl,-T -Wl,../src/lscript.ld -L../../vdma_bsp_0/ps7_cortexa9_0/lib -o "vdma.elf"  ./src/bgModelFixed.o ./src/bgModelFloat.o ./src/image_processing_functions.o ./src/labellerOnePass.o ./src/main.o ./src/objectAnalysis.o ./src/platform.o   -Wl,--start-group,-lxil,-lgcc,-lc,-lstdc++,--end-group
Finished building target: vdma.elf
 
Invoking: ARM Print Size
arm-xilinx-eabi-size vdma.elf  |tee "vdma.elf.size"
   text	   data	    bss	    dec	    hex	filename
 579572	   2704	31093040	31675316	1e353b4	vdma.elf
Finished building: vdma.elf.size
 
06:40:41 **** Incremental Build of configuration Debug for project vdma ****
make all 
make: Nothing to be done for 'all'.
06:40:59 **** Auto Build of configuration Debug for project vdma ****
make all 
Building file: ../src/bgModelFloat.cpp
Invoking: ARM g++ compiler
arm-xilinx-eabi-g++ -Wall -O0 -g3 -c -fmessage-length=0 -MT"src/bgModelFloat.o" -I../../vdma_bsp_0/ps7_cortexa9_0/include -MMD -MP -MF"src/bgModelFloat.d" -MT"src/bgModelFloat.d" -o "src/bgModelFloat.o" "../src/bgModelFloat.cpp"
../src/bgModelFloat.cpp: In member function 'void bgModelFloat::init(u8*)':
../src/bgModelFloat.cpp:50:20: warning: comparison between signed and unsigned integer expressions [-Wsign-compare]
  for (int k = 0; k < mui_YY*mui_XX * 3; k += 1) {
                    ^
../src/bgModelFloat.cpp: In member function 'void bgModelFloat::segmentation(u8*, u8*, u8*, bbox)':
../src/bgModelFloat.cpp:70:20: warning: comparison between signed and unsigned integer expressions [-Wsign-compare]
  for (int k = 0; k < mui_YY*mui_XX * 3; k += 3) {
                    ^
../src/bgModelFloat.cpp:86:54: warning: comparison between signed and unsigned integer expressions [-Wsign-compare]
   if (std::abs(image[k] - prevFrame[binaryImageCnt]) > mi_fdThreshold)
                                                      ^
../src/bgModelFloat.cpp: In member function 'void bgModelFloat::updateAll(u8*)':
../src/bgModelFloat.cpp:181:23: warning: comparison between signed and unsigned integer expressions [-Wsign-compare]
     for (int k = 0; k < mui_YY*mui_XX * 3; k += 3) {
                       ^
../src/bgModelFloat.cpp: In member function 'void bgModelFloat::getBG(u8*)':
../src/bgModelFloat.cpp:339:20: warning: comparison between signed and unsigned integer expressions [-Wsign-compare]
  for (int k = 0; k < mui_YY*mui_XX * 3; k += 1)
                    ^
Finished building: ../src/bgModelFloat.cpp
 
Building target: vdma.elf
Invoking: ARM g++ linker
arm-xilinx-eabi-g++ -Wl,-T -Wl,../src/lscript.ld -L../../vdma_bsp_0/ps7_cortexa9_0/lib -o "vdma.elf"  ./src/bgModelFixed.o ./src/bgModelFloat.o ./src/image_processing_functions.o ./src/labellerOnePass.o ./src/main.o ./src/objectAnalysis.o ./src/platform.o   -Wl,--start-group,-lxil,-lgcc,-lc,-lstdc++,--end-group
Finished building target: vdma.elf
 
Invoking: ARM Print Size
arm-xilinx-eabi-size vdma.elf  |tee "vdma.elf.size"
   text	   data	    bss	    dec	    hex	filename
 579508	   2704	31093040	31675252	1e35374	vdma.elf
Finished building: vdma.elf.size
 
06:41:03 **** Auto Build of configuration Debug for project vdma ****
make all 
Building file: ../src/bgModelFloat.cpp
Invoking: ARM g++ compiler
arm-xilinx-eabi-g++ -Wall -O0 -g3 -c -fmessage-length=0 -MT"src/bgModelFloat.o" -I../../vdma_bsp_0/ps7_cortexa9_0/include -MMD -MP -MF"src/bgModelFloat.d" -MT"src/bgModelFloat.d" -o "src/bgModelFloat.o" "../src/bgModelFloat.cpp"
../src/bgModelFloat.cpp: In member function 'void bgModelFloat::init(u8*)':
../src/bgModelFloat.cpp:50:20: warning: comparison between signed and unsigned integer expressions [-Wsign-compare]
  for (int k = 0; k < mui_YY*mui_XX * 3; k += 1) {
                    ^
../src/bgModelFloat.cpp: In member function 'void bgModelFloat::segmentation(u8*, u8*, u8*, bbox)':
../src/bgModelFloat.cpp:70:20: warning: comparison between signed and unsigned integer expressions [-Wsign-compare]
  for (int k = 0; k < mui_YY*mui_XX * 3; k += 3) {
                    ^
../src/bgModelFloat.cpp:86:54: warning: comparison between signed and unsigned integer expressions [-Wsign-compare]
   if (std::abs(image[k] - prevFrame[binaryImageCnt]) > mi_fdThreshold)
                                                      ^
../src/bgModelFloat.cpp: In member function 'void bgModelFloat::updateAll(u8*)':
../src/bgModelFloat.cpp:181:23: warning: comparison between signed and unsigned integer expressions [-Wsign-compare]
     for (int k = 0; k < mui_YY*mui_XX * 3; k += 3) {
                       ^
../src/bgModelFloat.cpp: In member function 'void bgModelFloat::getBG(u8*)':
../src/bgModelFloat.cpp:339:20: warning: comparison between signed and unsigned integer expressions [-Wsign-compare]
  for (int k = 0; k < mui_YY*mui_XX * 3; k += 1)
                    ^
Finished building: ../src/bgModelFloat.cpp
 
Building target: vdma.elf
Invoking: ARM g++ linker
arm-xilinx-eabi-g++ -Wl,-T -Wl,../src/lscript.ld -L../../vdma_bsp_0/ps7_cortexa9_0/lib -o "vdma.elf"  ./src/bgModelFixed.o ./src/bgModelFloat.o ./src/image_processing_functions.o ./src/labellerOnePass.o ./src/main.o ./src/objectAnalysis.o ./src/platform.o   -Wl,--start-group,-lxil,-lgcc,-lc,-lstdc++,--end-group
Finished building target: vdma.elf
 
Invoking: ARM Print Size
arm-xilinx-eabi-size vdma.elf  |tee "vdma.elf.size"
   text	   data	    bss	    dec	    hex	filename
 579444	   2704	31093040	31675188	1e35334	vdma.elf
Finished building: vdma.elf.size
 
06:41:17 **** Incremental Build of configuration Debug for project vdma ****
make all 
make: Nothing to be done for 'all'.
06:41:30 **** Auto Build of configuration Debug for project vdma ****
make all 
Building file: ../src/bgModelFloat.cpp
Invoking: ARM g++ compiler
arm-xilinx-eabi-g++ -Wall -O0 -g3 -c -fmessage-length=0 -MT"src/bgModelFloat.o" -I../../vdma_bsp_0/ps7_cortexa9_0/include -MMD -MP -MF"src/bgModelFloat.d" -MT"src/bgModelFloat.d" -o "src/bgModelFloat.o" "../src/bgModelFloat.cpp"
../src/bgModelFloat.cpp: In member function 'void bgModelFloat::init(u8*)':
../src/bgModelFloat.cpp:50:20: warning: comparison between signed and unsigned integer expressions [-Wsign-compare]
  for (int k = 0; k < mui_YY*mui_XX * 3; k += 1) {
                    ^
../src/bgModelFloat.cpp: In member function 'void bgModelFloat::segmentation(u8*, u8*, u8*, bbox)':
../src/bgModelFloat.cpp:70:20: warning: comparison between signed and unsigned integer expressions [-Wsign-compare]
  for (int k = 0; k < mui_YY*mui_XX * 3; k += 3) {
                    ^
../src/bgModelFloat.cpp:86:54: warning: comparison between signed and unsigned integer expressions [-Wsign-compare]
   if (std::abs(image[k] - prevFrame[binaryImageCnt]) > mi_fdThreshold)
                                                      ^
../src/bgModelFloat.cpp: In member function 'void bgModelFloat::updateAll(u8*)':
../src/bgModelFloat.cpp:181:23: warning: comparison between signed and unsigned integer expressions [-Wsign-compare]
     for (int k = 0; k < mui_YY*mui_XX * 3; k += 3) {
                       ^
../src/bgModelFloat.cpp: In member function 'void bgModelFloat::getBG(u8*)':
../src/bgModelFloat.cpp:339:20: warning: comparison between signed and unsigned integer expressions [-Wsign-compare]
  for (int k = 0; k < mui_YY*mui_XX * 3; k += 1)
                    ^
Finished building: ../src/bgModelFloat.cpp
 
Building target: vdma.elf
Invoking: ARM g++ linker
arm-xilinx-eabi-g++ -Wl,-T -Wl,../src/lscript.ld -L../../vdma_bsp_0/ps7_cortexa9_0/lib -o "vdma.elf"  ./src/bgModelFixed.o ./src/bgModelFloat.o ./src/image_processing_functions.o ./src/labellerOnePass.o ./src/main.o ./src/objectAnalysis.o ./src/platform.o   -Wl,--start-group,-lxil,-lgcc,-lc,-lstdc++,--end-group
Finished building target: vdma.elf
 
Invoking: ARM Print Size
arm-xilinx-eabi-size vdma.elf  |tee "vdma.elf.size"
   text	   data	    bss	    dec	    hex	filename
 579380	   2704	31093040	31675124	1e352f4	vdma.elf
Finished building: vdma.elf.size
 
06:41:32 **** Incremental Build of configuration Debug for project vdma ****
make all 
make: Nothing to be done for 'all'.
06:41:42 **** Auto Build of configuration Debug for project vdma ****
make all 
Building file: ../src/bgModelFloat.cpp
Invoking: ARM g++ compiler
arm-xilinx-eabi-g++ -Wall -O0 -g3 -c -fmessage-length=0 -MT"src/bgModelFloat.o" -I../../vdma_bsp_0/ps7_cortexa9_0/include -MMD -MP -MF"src/bgModelFloat.d" -MT"src/bgModelFloat.d" -o "src/bgModelFloat.o" "../src/bgModelFloat.cpp"
../src/bgModelFloat.cpp: In member function 'void bgModelFloat::init(u8*)':
../src/bgModelFloat.cpp:50:20: warning: comparison between signed and unsigned integer expressions [-Wsign-compare]
  for (int k = 0; k < mui_YY*mui_XX * 3; k += 1) {
                    ^
../src/bgModelFloat.cpp: In member function 'void bgModelFloat::segmentation(u8*, u8*, u8*, bbox)':
../src/bgModelFloat.cpp:70:20: warning: comparison between signed and unsigned integer expressions [-Wsign-compare]
  for (int k = 0; k < mui_YY*mui_XX * 3; k += 3) {
                    ^
../src/bgModelFloat.cpp:86:54: warning: comparison between signed and unsigned integer expressions [-Wsign-compare]
   if (std::abs(image[k] - prevFrame[binaryImageCnt]) > mi_fdThreshold)
                                                      ^
../src/bgModelFloat.cpp: In member function 'void bgModelFloat::updateAll(u8*)':
../src/bgModelFloat.cpp:181:23: warning: comparison between signed and unsigned integer expressions [-Wsign-compare]
     for (int k = 0; k < mui_YY*mui_XX * 3; k += 3) {
                       ^
../src/bgModelFloat.cpp: In member function 'void bgModelFloat::getBG(u8*)':
../src/bgModelFloat.cpp:339:20: warning: comparison between signed and unsigned integer expressions [-Wsign-compare]
  for (int k = 0; k < mui_YY*mui_XX * 3; k += 1)
                    ^
Finished building: ../src/bgModelFloat.cpp
 
Building target: vdma.elf
Invoking: ARM g++ linker
arm-xilinx-eabi-g++ -Wl,-T -Wl,../src/lscript.ld -L../../vdma_bsp_0/ps7_cortexa9_0/lib -o "vdma.elf"  ./src/bgModelFixed.o ./src/bgModelFloat.o ./src/image_processing_functions.o ./src/labellerOnePass.o ./src/main.o ./src/objectAnalysis.o ./src/platform.o   -Wl,--start-group,-lxil,-lgcc,-lc,-lstdc++,--end-group
Finished building target: vdma.elf
 
Invoking: ARM Print Size
arm-xilinx-eabi-size vdma.elf  |tee "vdma.elf.size"
   text	   data	    bss	    dec	    hex	filename
 579444	   2704	31093040	31675188	1e35334	vdma.elf
Finished building: vdma.elf.size
 
06:44:53 **** Incremental Build of configuration Debug for project vdma ****
make all 
make: Nothing to be done for 'all'.
06:48:14 **** Clean-only build of configuration Debug for project vdma ****
make clean 
rm -rf  ./src/main.d ./src/platform.d  ./src/bgModelFixed.o ./src/bgModelFloat.o ./src/image_processing_functions.o ./src/labellerOnePass.o ./src/main.o ./src/objectAnalysis.o ./src/platform.o  ./src/bgModelFixed.d ./src/bgModelFloat.d ./src/image_processing_functions.d ./src/labellerOnePass.d ./src/objectAnalysis.d  vdma.elf.size  vdma.elf
 
06:48:14 **** Auto Build of configuration Debug for project vdma ****
make all 
Building file: ../src/bgModelFixed.cpp
Invoking: ARM g++ compiler
arm-xilinx-eabi-g++ -Wall -O0 -g3 -c -fmessage-length=0 -MT"src/bgModelFixed.o" -I../../vdma_bsp_0/ps7_cortexa9_0/include -MMD -MP -MF"src/bgModelFixed.d" -MT"src/bgModelFixed.d" -o "src/bgModelFixed.o" "../src/bgModelFixed.cpp"
../src/bgModelFixed.cpp: In member function 'void bgModelFixed::init(u8*)':
../src/bgModelFixed.cpp:51:20: warning: comparison between signed and unsigned integer expressions [-Wsign-compare]
  for (int k = 0; k < mui_YY*mui_XX * 3; k += 1) {
                    ^
../src/bgModelFixed.cpp: In member function 'void bgModelFixed::segmentation(u8*, u8*, u8*, bbox)':
../src/bgModelFixed.cpp:71:20: warning: comparison between signed and unsigned integer expressions [-Wsign-compare]
  for (int k = 0; k < mui_YY*mui_XX * 3; k += 3) {
                    ^
../src/bgModelFixed.cpp:89:72: warning: comparison between signed and unsigned integer expressions [-Wsign-compare]
   if (std::abs(int(image[binaryImageCnt]) - prevFrame[binaryImageCnt]) > mi_fdThreshold)
                                                                        ^
../src/bgModelFixed.cpp: In member function 'void bgModelFixed::updateAll(u8*)':
../src/bgModelFixed.cpp:184:23: warning: comparison between signed and unsigned integer expressions [-Wsign-compare]
     for (int k = 0; k < mui_YY*mui_XX * 3; k += 3) {
                       ^
../src/bgModelFixed.cpp: In member function 'void bgModelFixed::getBG(u8*)':
../src/bgModelFixed.cpp:342:20: warning: comparison between signed and unsigned integer expressions [-Wsign-compare]
  for (int k = 0; k < mui_YY*mui_XX * 3; k += 1)
                    ^
Finished building: ../src/bgModelFixed.cpp
 
Building file: ../src/bgModelFloat.cpp
Invoking: ARM g++ compiler
arm-xilinx-eabi-g++ -Wall -O0 -g3 -c -fmessage-length=0 -MT"src/bgModelFloat.o" -I../../vdma_bsp_0/ps7_cortexa9_0/include -MMD -MP -MF"src/bgModelFloat.d" -MT"src/bgModelFloat.d" -o "src/bgModelFloat.o" "../src/bgModelFloat.cpp"
../src/bgModelFloat.cpp: In member function 'void bgModelFloat::init(u8*)':
../src/bgModelFloat.cpp:50:20: warning: comparison between signed and unsigned integer expressions [-Wsign-compare]
  for (int k = 0; k < mui_YY*mui_XX * 3; k += 1) {
                    ^
../src/bgModelFloat.cpp: In member function 'void bgModelFloat::segmentation(u8*, u8*, u8*, bbox)':
../src/bgModelFloat.cpp:70:20: warning: comparison between signed and unsigned integer expressions [-Wsign-compare]
  for (int k = 0; k < mui_YY*mui_XX * 3; k += 3) {
                    ^
../src/bgModelFloat.cpp:86:54: warning: comparison between signed and unsigned integer expressions [-Wsign-compare]
   if (std::abs(image[k] - prevFrame[binaryImageCnt]) > mi_fdThreshold)
                                                      ^
../src/bgModelFloat.cpp: In member function 'void bgModelFloat::updateAll(u8*)':
../src/bgModelFloat.cpp:181:23: warning: comparison between signed and unsigned integer expressions [-Wsign-compare]
     for (int k = 0; k < mui_YY*mui_XX * 3; k += 3) {
                       ^
../src/bgModelFloat.cpp: In member function 'void bgModelFloat::getBG(u8*)':
../src/bgModelFloat.cpp:339:20: warning: comparison between signed and unsigned integer expressions [-Wsign-compare]
  for (int k = 0; k < mui_YY*mui_XX * 3; k += 1)
                    ^
Finished building: ../src/bgModelFloat.cpp
 
Building file: ../src/image_processing_functions.cpp
Invoking: ARM g++ compiler
arm-xilinx-eabi-g++ -Wall -O0 -g3 -c -fmessage-length=0 -MT"src/image_processing_functions.o" -I../../vdma_bsp_0/ps7_cortexa9_0/include -MMD -MP -MF"src/image_processing_functions.d" -MT"src/image_processing_functions.d" -o "src/image_processing_functions.o" "../src/image_processing_functions.cpp"
../src/image_processing_functions.cpp: In function 'void sobel1D(const u8*, unsigned int, unsigned int, unsigned int, u8*)':
../src/image_processing_functions.cpp:54:24: warning: comparison between signed and unsigned integer expressions [-Wsign-compare]
     for (int jj= 1; jj < YY-1; jj++) {
                        ^
../src/image_processing_functions.cpp:55:29: warning: comparison between signed and unsigned integer expressions [-Wsign-compare]
         for (int ii = 1; ii < XX-1; ii++) {
                             ^
../src/image_processing_functions.cpp:69:22: warning: comparison between signed and unsigned integer expressions [-Wsign-compare]
             if ( sxy > ETH) {
                      ^
../src/image_processing_functions.cpp: In function 'void sobelY_float(const float*, unsigned int, unsigned int, unsigned int, u8*)':
../src/image_processing_functions.cpp:98:24: warning: comparison between signed and unsigned integer expressions [-Wsign-compare]
     for (int jj= 1; jj < YY-1; jj++) {
                        ^
../src/image_processing_functions.cpp:99:29: warning: comparison between signed and unsigned integer expressions [-Wsign-compare]
         for (int ii = 3; ii < 3*(XX-1); ii+=3) {
                             ^
../src/image_processing_functions.cpp:110:23: warning: comparison between signed and unsigned integer expressions [-Wsign-compare]
             if ( sxyY > ETH) {
                       ^
../src/image_processing_functions.cpp:97:9: warning: unused variable 'k' [-Wunused-variable]
     int k =0;
         ^
../src/image_processing_functions.cpp: In function 'void sobelY_fixed(const u32*, unsigned int, unsigned int, unsigned int, u8*)':
../src/image_processing_functions.cpp:127:24: warning: comparison between signed and unsigned integer expressions [-Wsign-compare]
     for (int jj= 1; jj < YY-1; jj++) {
                        ^
../src/image_processing_functions.cpp:128:29: warning: comparison between signed and unsigned integer expressions [-Wsign-compare]
         for (int ii = 3; ii < 3*(XX-1); ii+=3) {
                             ^
../src/image_processing_functions.cpp:139:23: warning: comparison between signed and unsigned integer expressions [-Wsign-compare]
             if ( sxyY > ETH) {
                       ^
../src/image_processing_functions.cpp:126:9: warning: unused variable 'k' [-Wunused-variable]
     int k =0;
         ^
../src/image_processing_functions.cpp: In function 'void sobelYCbCr(const u8*, unsigned int, unsigned int, unsigned int, u8*)':
../src/image_processing_functions.cpp:164:24: warning: comparison between signed and unsigned integer expressions [-Wsign-compare]
     for (int jj= 1; jj < YY-1; jj++) {
                        ^
../src/image_processing_functions.cpp:165:29: warning: comparison between signed and unsigned integer expressions [-Wsign-compare]
         for (int ii = 3; ii < 3*(XX-1); ii+=3) {
                             ^
../src/image_processing_functions.cpp:196:23: warning: comparison between signed and unsigned integer expressions [-Wsign-compare]
             if ( sxyY > ETH) {
                       ^
../src/image_processing_functions.cpp:158:11: warning: unused variable 'angle' [-Wunused-variable]
     float angle;
           ^
../src/image_processing_functions.cpp:160:9: warning: unused variable 'sxG' [-Wunused-variable]
     int sxG, syG, sxyG;
         ^
../src/image_processing_functions.cpp:160:14: warning: unused variable 'syG' [-Wunused-variable]
     int sxG, syG, sxyG;
              ^
../src/image_processing_functions.cpp:160:19: warning: unused variable 'sxyG' [-Wunused-variable]
     int sxG, syG, sxyG;
                   ^
../src/image_processing_functions.cpp:161:9: warning: unused variable 'sxB' [-Wunused-variable]
     int sxB, syB, sxyB;
         ^
../src/image_processing_functions.cpp:161:14: warning: unused variable 'syB' [-Wunused-variable]
     int sxB, syB, sxyB;
              ^
../src/image_processing_functions.cpp:161:19: warning: unused variable 'sxyB' [-Wunused-variable]
     int sxB, syB, sxyB;
                   ^
../src/image_processing_functions.cpp:163:9: warning: unused variable 'k' [-Wunused-variable]
     int k =0;
         ^
../src/image_processing_functions.cpp: In function 'void medianbinary5x5(const u8*, unsigned int, unsigned int, u8*)':
../src/image_processing_functions.cpp:228:24: warning: comparison between signed and unsigned integer expressions [-Wsign-compare]
     for (int jj= 2; jj < YY-2; jj++) {
                        ^
../src/image_processing_functions.cpp:229:29: warning: comparison between signed and unsigned integer expressions [-Wsign-compare]
         for (int ii = 2; ii < XX-2; ii++) {
                             ^
../src/image_processing_functions.cpp: In function 'void dilate5x5(const u8*, unsigned int, unsigned int, u8*)':
../src/image_processing_functions.cpp:257:24: warning: comparison between signed and unsigned integer expressions [-Wsign-compare]
     for (int jj= 2; jj < YY-2; jj++) {
                        ^
../src/image_processing_functions.cpp:258:29: warning: comparison between signed and unsigned integer expressions [-Wsign-compare]
         for (int ii = 2; ii < XX-2; ii++) {
                             ^
../src/image_processing_functions.cpp: In function 'void contEdgeAnalysis5x5(const u8*, const u8*, unsigned int, unsigned int, u8*)':
../src/image_processing_functions.cpp:289:24: warning: comparison between signed and unsigned integer expressions [-Wsign-compare]
     for (int jj= 2; jj < YY-2; jj++) {
                        ^
../src/image_processing_functions.cpp:290:29: warning: comparison between signed and unsigned integer expressions [-Wsign-compare]
         for (int ii = 3; ii < 3*(XX-1); ii+=3) {
                             ^
../src/image_processing_functions.cpp: In function 'void contEdgeAnalysis7x7_v2(const u8*, const u8*, unsigned int, unsigned int, u8*)':
../src/image_processing_functions.cpp:421:24: warning: comparison between signed and unsigned integer expressions [-Wsign-compare]
     for (int jj= 2; jj < YY-2; jj++) {
                        ^
../src/image_processing_functions.cpp:422:31: warning: comparison between signed and unsigned integer expressions [-Wsign-compare]
         for (int ii = 2*3; ii < 3*(XX-2); ii+=3) {
                               ^
Finished building: ../src/image_processing_functions.cpp
 
Building file: ../src/labellerOnePass.cpp
Invoking: ARM g++ compiler
arm-xilinx-eabi-g++ -Wall -O0 -g3 -c -fmessage-length=0 -MT"src/labellerOnePass.o" -I../../vdma_bsp_0/ps7_cortexa9_0/include -MMD -MP -MF"src/labellerOnePass.d" -MT"src/labellerOnePass.d" -o "src/labellerOnePass.o" "../src/labellerOnePass.cpp"
../src/labellerOnePass.cpp: In member function 'void labellerOnePass::step(const u8*, const u8*, const u8*, const u8*, const u8*)':
../src/labellerOnePass.cpp:83:20: warning: comparison between signed and unsigned integer expressions [-Wsign-compare]
  for (int k = 0; k < mui_XX; k++)
                    ^
../src/labellerOnePass.cpp:245:67: warning: comparison between signed and unsigned integer expressions [-Wsign-compare]
                                     if (lABCD[z] != 0 && lABCD[z] < minV)
                                                                   ^
../src/labellerOnePass.cpp:347:23: warning: comparison between signed and unsigned integer expressions [-Wsign-compare]
     for (int i = 0; i < mui_currentLabel; i++) {
                       ^
Finished building: ../src/labellerOnePass.cpp
 
Building file: ../src/main.cc
Invoking: ARM g++ compiler
arm-xilinx-eabi-g++ -Wall -O0 -g3 -c -fmessage-length=0 -MT"src/main.o" -I../../vdma_bsp_0/ps7_cortexa9_0/include -MMD -MP -MF"src/main.d" -MT"src/main.d" -o "src/main.o" "../src/main.cc"
../src/main.cc: In function 'int main()':
../src/main.cc:168:6: warning: unused variable 'hsize_active_input' [-Wunused-variable]
  int hsize_active_input, vsize_active_input;   // rozdzielczosc - tylko aktywyny obszar - wejscie
      ^
../src/main.cc:168:26: warning: unused variable 'vsize_active_input' [-Wunused-variable]
  int hsize_active_input, vsize_active_input;   // rozdzielczosc - tylko aktywyny obszar - wejscie
                          ^
../src/main.cc:170:6: warning: unused variable 'hsize_output' [-Wunused-variable]
  int hsize_output, vsize_output;      // rozdzielczosc - cala ramka - wyjscie
      ^
../src/main.cc:170:20: warning: unused variable 'vsize_output' [-Wunused-variable]
  int hsize_output, vsize_output;      // rozdzielczosc - cala ramka - wyjscie
                    ^
../src/main.cc:171:6: warning: unused variable 'hsize_active_output' [-Wunused-variable]
  int hsize_active_output, vsize_active_output;   // rozdzielczosc - tylko aktywyny obszar - wyjscie
      ^
../src/main.cc:171:27: warning: unused variable 'vsize_active_output' [-Wunused-variable]
  int hsize_active_output, vsize_active_output;   // rozdzielczosc - tylko aktywyny obszar - wyjscie
                           ^
../src/main.cc:173:6: warning: unused variable 'active_input' [-Wunused-variable]
  int active_input;
      ^
../src/main.cc:174:6: warning: unused variable 'active_output' [-Wunused-variable]
  int active_output;
      ^
../src/main.cc:177:6: warning: unused variable 'vdma_write_SR' [-Wunused-variable]
  u32 vdma_write_SR,vdma_read_SR;
      ^
../src/main.cc:177:20: warning: unused variable 'vdma_read_SR' [-Wunused-variable]
  u32 vdma_write_SR,vdma_read_SR;
                    ^
../src/main.cc:182:6: warning: unused variable 'vdma_park' [-Wunused-variable]
  int vdma_park = 0;
      ^
../src/main.cc:183:6: warning: unused variable 'vdma_wrfrmstore' [-Wunused-variable]
  int vdma_wrfrmstore =0;
      ^
../src/main.cc:184:6: warning: unused variable 'vdma_wrfrmptrref' [-Wunused-variable]
  int vdma_wrfrmptrref = 0;
      ^
../src/main.cc:186:6: warning: unused variable 'bbox_xs' [-Wunused-variable]
  int bbox_xs, bbox_xe, bbox_ys, bbox_ye;
      ^
../src/main.cc:186:15: warning: unused variable 'bbox_xe' [-Wunused-variable]
  int bbox_xs, bbox_xe, bbox_ys, bbox_ye;
               ^
../src/main.cc:186:24: warning: unused variable 'bbox_ys' [-Wunused-variable]
  int bbox_xs, bbox_xe, bbox_ys, bbox_ye;
                        ^
../src/main.cc:186:33: warning: unused variable 'bbox_ye' [-Wunused-variable]
  int bbox_xs, bbox_xe, bbox_ys, bbox_ye;
                                 ^
../src/main.cc:187:6: warning: unused variable 'm00' [-Wunused-variable]
  int m00;
      ^
../src/main.cc:189:7: warning: variable 'obToRemove' set but not used [-Wunused-but-set-variable]
  bbox obToRemove;
       ^
../src/main.cc:195:15: warning: unused variable 'noObjects' [-Wunused-variable]
  unsigned int noObjects;                                                         // number of objects detected on a sigle frame
               ^
../src/main.cc:198:9: warning: unused variable 'objects' [-Wunused-variable]
  object objects[MAX_LABELS];
         ^
../src/main.cc:199:19: warning: unused variable 'obParameters' [-Wunused-variable]
  objectParameters obParameters[MAX_LABELS];
                   ^
Finished building: ../src/main.cc
 
Building file: ../src/objectAnalysis.cpp
Invoking: ARM g++ compiler
arm-xilinx-eabi-g++ -Wall -O0 -g3 -c -fmessage-length=0 -MT"src/objectAnalysis.o" -I../../vdma_bsp_0/ps7_cortexa9_0/include -MMD -MP -MF"src/objectAnalysis.d" -MT"src/objectAnalysis.d" -o "src/objectAnalysis.o" "../src/objectAnalysis.cpp"
../src/objectAnalysis.cpp: In member function 'void objectAnalysis::step(unsigned int, object*)':
../src/objectAnalysis.cpp:41:25: warning: comparison between signed and unsigned integer expressions [-Wsign-compare]
         for (int i=0; i < noObjects; i++) {
                         ^
../src/objectAnalysis.cpp:80:31: warning: comparison between signed and unsigned integer expressions [-Wsign-compare]
         for (int iPO = 0; iPO < m_objects.size(); iPO++) {
                               ^
../src/objectAnalysis.cpp:84:30: warning: comparison between signed and unsigned integer expressions [-Wsign-compare]
         for (int iNO =0; iNO < noObjects; iNO ++) { // loop over the new objects ...
                              ^
../src/objectAnalysis.cpp:95:39: warning: comparison between signed and unsigned integer expressions [-Wsign-compare]
                 for (int iPO = 0; iPO < m_objects.size(); iPO++) {
                                       ^
../src/objectAnalysis.cpp:193:27: warning: comparison between signed and unsigned integer expressions [-Wsign-compare]
     for (int iPO = 0; iPO < m_objects.size(); iPO++) {
                           ^
../src/objectAnalysis.cpp: In member function 'void objectAnalysis::simpleObjectAnalysis(unsigned int, object*)':
../src/objectAnalysis.cpp:246:23: warning: comparison between signed and unsigned integer expressions [-Wsign-compare]
       for (int i=0; i < noObjects; i++) {
                       ^
../src/objectAnalysis.cpp: In member function 'void objectAnalysis::displayObjectParameters()':
../src/objectAnalysis.cpp:297:22: warning: comparison between signed and unsigned integer expressions [-Wsign-compare]
     for (int  i=0; i < m_objects.size(); i++ ) {
                      ^
../src/objectAnalysis.cpp: In member function 'void objectAnalysis::getObjectParameters(unsigned int&, objectParameters*)':
../src/objectAnalysis.cpp:314:22: warning: comparison between signed and unsigned integer expressions [-Wsign-compare]
     for (int  i=0; i < m_objects.size(); i++ ) {
                      ^
Finished building: ../src/objectAnalysis.cpp
 
Building file: ../src/platform.cc
Invoking: ARM g++ compiler
arm-xilinx-eabi-g++ -Wall -O0 -g3 -c -fmessage-length=0 -MT"src/platform.o" -I../../vdma_bsp_0/ps7_cortexa9_0/include -MMD -MP -MF"src/platform.d" -MT"src/platform.d" -o "src/platform.o" "../src/platform.cc"
Finished building: ../src/platform.cc
 
Building target: vdma.elf
Invoking: ARM g++ linker
arm-xilinx-eabi-g++ -Wl,-T -Wl,../src/lscript.ld -L../../vdma_bsp_0/ps7_cortexa9_0/lib -o "vdma.elf"  ./src/bgModelFixed.o ./src/bgModelFloat.o ./src/image_processing_functions.o ./src/labellerOnePass.o ./src/main.o ./src/objectAnalysis.o ./src/platform.o   -Wl,--start-group,-lxil,-lgcc,-lc,-lstdc++,--end-group
Finished building target: vdma.elf
 
Invoking: ARM Print Size
arm-xilinx-eabi-size vdma.elf  |tee "vdma.elf.size"
   text	   data	    bss	    dec	    hex	filename
 579444	   2704	31093040	31675188	1e35334	vdma.elf
Finished building: vdma.elf.size
 
06:48:47 **** Incremental Build of configuration Debug for project vdma ****
make all 
make: Nothing to be done for 'all'.
06:51:07 **** Clean-only build of configuration Debug for project vdma ****
make clean 
rm -rf  ./src/main.d ./src/platform.d  ./src/bgModelFixed.o ./src/bgModelFloat.o ./src/image_processing_functions.o ./src/labellerOnePass.o ./src/main.o ./src/objectAnalysis.o ./src/platform.o  ./src/bgModelFixed.d ./src/bgModelFloat.d ./src/image_processing_functions.d ./src/labellerOnePass.d ./src/objectAnalysis.d  vdma.elf.size  vdma.elf
 
06:51:07 **** Auto Build of configuration Debug for project vdma ****
make all 
Building file: ../src/bgModelFixed.cpp
Invoking: ARM g++ compiler
arm-xilinx-eabi-g++ -Wall -O0 -g3 -c -fmessage-length=0 -MT"src/bgModelFixed.o" -I../../vdma_bsp_0/ps7_cortexa9_0/include -MMD -MP -MF"src/bgModelFixed.d" -MT"src/bgModelFixed.d" -o "src/bgModelFixed.o" "../src/bgModelFixed.cpp"
../src/bgModelFixed.cpp: In member function 'void bgModelFixed::init(u8*)':
../src/bgModelFixed.cpp:51:20: warning: comparison between signed and unsigned integer expressions [-Wsign-compare]
  for (int k = 0; k < mui_YY*mui_XX * 3; k += 1) {
                    ^
../src/bgModelFixed.cpp: In member function 'void bgModelFixed::segmentation(u8*, u8*, u8*, bbox)':
../src/bgModelFixed.cpp:71:20: warning: comparison between signed and unsigned integer expressions [-Wsign-compare]
  for (int k = 0; k < mui_YY*mui_XX * 3; k += 3) {
                    ^
../src/bgModelFixed.cpp:89:72: warning: comparison between signed and unsigned integer expressions [-Wsign-compare]
   if (std::abs(int(image[binaryImageCnt]) - prevFrame[binaryImageCnt]) > mi_fdThreshold)
                                                                        ^
../src/bgModelFixed.cpp: In member function 'void bgModelFixed::updateAll(u8*)':
../src/bgModelFixed.cpp:184:23: warning: comparison between signed and unsigned integer expressions [-Wsign-compare]
     for (int k = 0; k < mui_YY*mui_XX * 3; k += 3) {
                       ^
../src/bgModelFixed.cpp: In member function 'void bgModelFixed::getBG(u8*)':
../src/bgModelFixed.cpp:342:20: warning: comparison between signed and unsigned integer expressions [-Wsign-compare]
  for (int k = 0; k < mui_YY*mui_XX * 3; k += 1)
                    ^
Finished building: ../src/bgModelFixed.cpp
 
Building file: ../src/bgModelFloat.cpp
Invoking: ARM g++ compiler
arm-xilinx-eabi-g++ -Wall -O0 -g3 -c -fmessage-length=0 -MT"src/bgModelFloat.o" -I../../vdma_bsp_0/ps7_cortexa9_0/include -MMD -MP -MF"src/bgModelFloat.d" -MT"src/bgModelFloat.d" -o "src/bgModelFloat.o" "../src/bgModelFloat.cpp"
../src/bgModelFloat.cpp: In member function 'void bgModelFloat::init(u8*)':
../src/bgModelFloat.cpp:50:20: warning: comparison between signed and unsigned integer expressions [-Wsign-compare]
  for (int k = 0; k < mui_YY*mui_XX * 3; k += 1) {
                    ^
../src/bgModelFloat.cpp: In member function 'void bgModelFloat::segmentation(u8*, u8*, u8*, bbox)':
../src/bgModelFloat.cpp:70:20: warning: comparison between signed and unsigned integer expressions [-Wsign-compare]
  for (int k = 0; k < mui_YY*mui_XX * 3; k += 3) {
                    ^
../src/bgModelFloat.cpp:86:54: warning: comparison between signed and unsigned integer expressions [-Wsign-compare]
   if (std::abs(image[k] - prevFrame[binaryImageCnt]) > mi_fdThreshold)
                                                      ^
../src/bgModelFloat.cpp: In member function 'void bgModelFloat::updateAll(u8*)':
../src/bgModelFloat.cpp:181:23: warning: comparison between signed and unsigned integer expressions [-Wsign-compare]
     for (int k = 0; k < mui_YY*mui_XX * 3; k += 3) {
                       ^
../src/bgModelFloat.cpp: In member function 'void bgModelFloat::getBG(u8*)':
../src/bgModelFloat.cpp:339:20: warning: comparison between signed and unsigned integer expressions [-Wsign-compare]
  for (int k = 0; k < mui_YY*mui_XX * 3; k += 1)
                    ^
Finished building: ../src/bgModelFloat.cpp
 
Building file: ../src/image_processing_functions.cpp
Invoking: ARM g++ compiler
arm-xilinx-eabi-g++ -Wall -O0 -g3 -c -fmessage-length=0 -MT"src/image_processing_functions.o" -I../../vdma_bsp_0/ps7_cortexa9_0/include -MMD -MP -MF"src/image_processing_functions.d" -MT"src/image_processing_functions.d" -o "src/image_processing_functions.o" "../src/image_processing_functions.cpp"
../src/image_processing_functions.cpp: In function 'void sobel1D(const u8*, unsigned int, unsigned int, unsigned int, u8*)':
../src/image_processing_functions.cpp:54:24: warning: comparison between signed and unsigned integer expressions [-Wsign-compare]
     for (int jj= 1; jj < YY-1; jj++) {
                        ^
../src/image_processing_functions.cpp:55:29: warning: comparison between signed and unsigned integer expressions [-Wsign-compare]
         for (int ii = 1; ii < XX-1; ii++) {
                             ^
../src/image_processing_functions.cpp:69:22: warning: comparison between signed and unsigned integer expressions [-Wsign-compare]
             if ( sxy > ETH) {
                      ^
../src/image_processing_functions.cpp: In function 'void sobelY_float(const float*, unsigned int, unsigned int, unsigned int, u8*)':
../src/image_processing_functions.cpp:98:24: warning: comparison between signed and unsigned integer expressions [-Wsign-compare]
     for (int jj= 1; jj < YY-1; jj++) {
                        ^
../src/image_processing_functions.cpp:99:29: warning: comparison between signed and unsigned integer expressions [-Wsign-compare]
         for (int ii = 3; ii < 3*(XX-1); ii+=3) {
                             ^
../src/image_processing_functions.cpp:110:23: warning: comparison between signed and unsigned integer expressions [-Wsign-compare]
             if ( sxyY > ETH) {
                       ^
../src/image_processing_functions.cpp:97:9: warning: unused variable 'k' [-Wunused-variable]
     int k =0;
         ^
../src/image_processing_functions.cpp: In function 'void sobelY_fixed(const u32*, unsigned int, unsigned int, unsigned int, u8*)':
../src/image_processing_functions.cpp:127:24: warning: comparison between signed and unsigned integer expressions [-Wsign-compare]
     for (int jj= 1; jj < YY-1; jj++) {
                        ^
../src/image_processing_functions.cpp:128:29: warning: comparison between signed and unsigned integer expressions [-Wsign-compare]
         for (int ii = 3; ii < 3*(XX-1); ii+=3) {
                             ^
../src/image_processing_functions.cpp:139:23: warning: comparison between signed and unsigned integer expressions [-Wsign-compare]
             if ( sxyY > ETH) {
                       ^
../src/image_processing_functions.cpp:126:9: warning: unused variable 'k' [-Wunused-variable]
     int k =0;
         ^
../src/image_processing_functions.cpp: In function 'void sobelYCbCr(const u8*, unsigned int, unsigned int, unsigned int, u8*)':
../src/image_processing_functions.cpp:164:24: warning: comparison between signed and unsigned integer expressions [-Wsign-compare]
     for (int jj= 1; jj < YY-1; jj++) {
                        ^
../src/image_processing_functions.cpp:165:29: warning: comparison between signed and unsigned integer expressions [-Wsign-compare]
         for (int ii = 3; ii < 3*(XX-1); ii+=3) {
                             ^
../src/image_processing_functions.cpp:196:23: warning: comparison between signed and unsigned integer expressions [-Wsign-compare]
             if ( sxyY > ETH) {
                       ^
../src/image_processing_functions.cpp:158:11: warning: unused variable 'angle' [-Wunused-variable]
     float angle;
           ^
../src/image_processing_functions.cpp:160:9: warning: unused variable 'sxG' [-Wunused-variable]
     int sxG, syG, sxyG;
         ^
../src/image_processing_functions.cpp:160:14: warning: unused variable 'syG' [-Wunused-variable]
     int sxG, syG, sxyG;
              ^
../src/image_processing_functions.cpp:160:19: warning: unused variable 'sxyG' [-Wunused-variable]
     int sxG, syG, sxyG;
                   ^
../src/image_processing_functions.cpp:161:9: warning: unused variable 'sxB' [-Wunused-variable]
     int sxB, syB, sxyB;
         ^
../src/image_processing_functions.cpp:161:14: warning: unused variable 'syB' [-Wunused-variable]
     int sxB, syB, sxyB;
              ^
../src/image_processing_functions.cpp:161:19: warning: unused variable 'sxyB' [-Wunused-variable]
     int sxB, syB, sxyB;
                   ^
../src/image_processing_functions.cpp:163:9: warning: unused variable 'k' [-Wunused-variable]
     int k =0;
         ^
../src/image_processing_functions.cpp: In function 'void medianbinary5x5(const u8*, unsigned int, unsigned int, u8*)':
../src/image_processing_functions.cpp:228:24: warning: comparison between signed and unsigned integer expressions [-Wsign-compare]
     for (int jj= 2; jj < YY-2; jj++) {
                        ^
../src/image_processing_functions.cpp:229:29: warning: comparison between signed and unsigned integer expressions [-Wsign-compare]
         for (int ii = 2; ii < XX-2; ii++) {
                             ^
../src/image_processing_functions.cpp: In function 'void dilate5x5(const u8*, unsigned int, unsigned int, u8*)':
../src/image_processing_functions.cpp:257:24: warning: comparison between signed and unsigned integer expressions [-Wsign-compare]
     for (int jj= 2; jj < YY-2; jj++) {
                        ^
../src/image_processing_functions.cpp:258:29: warning: comparison between signed and unsigned integer expressions [-Wsign-compare]
         for (int ii = 2; ii < XX-2; ii++) {
                             ^
../src/image_processing_functions.cpp: In function 'void contEdgeAnalysis5x5(const u8*, const u8*, unsigned int, unsigned int, u8*)':
../src/image_processing_functions.cpp:289:24: warning: comparison between signed and unsigned integer expressions [-Wsign-compare]
     for (int jj= 2; jj < YY-2; jj++) {
                        ^
../src/image_processing_functions.cpp:290:29: warning: comparison between signed and unsigned integer expressions [-Wsign-compare]
         for (int ii = 3; ii < 3*(XX-1); ii+=3) {
                             ^
../src/image_processing_functions.cpp: In function 'void contEdgeAnalysis7x7_v2(const u8*, const u8*, unsigned int, unsigned int, u8*)':
../src/image_processing_functions.cpp:421:24: warning: comparison between signed and unsigned integer expressions [-Wsign-compare]
     for (int jj= 2; jj < YY-2; jj++) {
                        ^
../src/image_processing_functions.cpp:422:31: warning: comparison between signed and unsigned integer expressions [-Wsign-compare]
         for (int ii = 2*3; ii < 3*(XX-2); ii+=3) {
                               ^
Finished building: ../src/image_processing_functions.cpp
 
Building file: ../src/labellerOnePass.cpp
Invoking: ARM g++ compiler
arm-xilinx-eabi-g++ -Wall -O0 -g3 -c -fmessage-length=0 -MT"src/labellerOnePass.o" -I../../vdma_bsp_0/ps7_cortexa9_0/include -MMD -MP -MF"src/labellerOnePass.d" -MT"src/labellerOnePass.d" -o "src/labellerOnePass.o" "../src/labellerOnePass.cpp"
../src/labellerOnePass.cpp: In member function 'void labellerOnePass::step(const u8*, const u8*, const u8*, const u8*, const u8*)':
../src/labellerOnePass.cpp:83:20: warning: comparison between signed and unsigned integer expressions [-Wsign-compare]
  for (int k = 0; k < mui_XX; k++)
                    ^
../src/labellerOnePass.cpp:245:67: warning: comparison between signed and unsigned integer expressions [-Wsign-compare]
                                     if (lABCD[z] != 0 && lABCD[z] < minV)
                                                                   ^
../src/labellerOnePass.cpp:347:23: warning: comparison between signed and unsigned integer expressions [-Wsign-compare]
     for (int i = 0; i < mui_currentLabel; i++) {
                       ^
Finished building: ../src/labellerOnePass.cpp
 
Building file: ../src/main.cc
Invoking: ARM g++ compiler
arm-xilinx-eabi-g++ -Wall -O0 -g3 -c -fmessage-length=0 -MT"src/main.o" -I../../vdma_bsp_0/ps7_cortexa9_0/include -MMD -MP -MF"src/main.d" -MT"src/main.d" -o "src/main.o" "../src/main.cc"
../src/main.cc: In function 'int main()':
../src/main.cc:168:6: warning: unused variable 'hsize_active_input' [-Wunused-variable]
  int hsize_active_input, vsize_active_input;   // rozdzielczosc - tylko aktywyny obszar - wejscie
      ^
../src/main.cc:168:26: warning: unused variable 'vsize_active_input' [-Wunused-variable]
  int hsize_active_input, vsize_active_input;   // rozdzielczosc - tylko aktywyny obszar - wejscie
                          ^
../src/main.cc:170:6: warning: unused variable 'hsize_output' [-Wunused-variable]
  int hsize_output, vsize_output;      // rozdzielczosc - cala ramka - wyjscie
      ^
../src/main.cc:170:20: warning: unused variable 'vsize_output' [-Wunused-variable]
  int hsize_output, vsize_output;      // rozdzielczosc - cala ramka - wyjscie
                    ^
../src/main.cc:171:6: warning: unused variable 'hsize_active_output' [-Wunused-variable]
  int hsize_active_output, vsize_active_output;   // rozdzielczosc - tylko aktywyny obszar - wyjscie
      ^
../src/main.cc:171:27: warning: unused variable 'vsize_active_output' [-Wunused-variable]
  int hsize_active_output, vsize_active_output;   // rozdzielczosc - tylko aktywyny obszar - wyjscie
                           ^
../src/main.cc:173:6: warning: unused variable 'active_input' [-Wunused-variable]
  int active_input;
      ^
../src/main.cc:174:6: warning: unused variable 'active_output' [-Wunused-variable]
  int active_output;
      ^
../src/main.cc:177:6: warning: unused variable 'vdma_write_SR' [-Wunused-variable]
  u32 vdma_write_SR,vdma_read_SR;
      ^
../src/main.cc:177:20: warning: unused variable 'vdma_read_SR' [-Wunused-variable]
  u32 vdma_write_SR,vdma_read_SR;
                    ^
../src/main.cc:182:6: warning: unused variable 'vdma_park' [-Wunused-variable]
  int vdma_park = 0;
      ^
../src/main.cc:183:6: warning: unused variable 'vdma_wrfrmstore' [-Wunused-variable]
  int vdma_wrfrmstore =0;
      ^
../src/main.cc:184:6: warning: unused variable 'vdma_wrfrmptrref' [-Wunused-variable]
  int vdma_wrfrmptrref = 0;
      ^
../src/main.cc:186:6: warning: unused variable 'bbox_xs' [-Wunused-variable]
  int bbox_xs, bbox_xe, bbox_ys, bbox_ye;
      ^
../src/main.cc:186:15: warning: unused variable 'bbox_xe' [-Wunused-variable]
  int bbox_xs, bbox_xe, bbox_ys, bbox_ye;
               ^
../src/main.cc:186:24: warning: unused variable 'bbox_ys' [-Wunused-variable]
  int bbox_xs, bbox_xe, bbox_ys, bbox_ye;
                        ^
../src/main.cc:186:33: warning: unused variable 'bbox_ye' [-Wunused-variable]
  int bbox_xs, bbox_xe, bbox_ys, bbox_ye;
                                 ^
../src/main.cc:187:6: warning: unused variable 'm00' [-Wunused-variable]
  int m00;
      ^
../src/main.cc:189:7: warning: variable 'obToRemove' set but not used [-Wunused-but-set-variable]
  bbox obToRemove;
       ^
../src/main.cc:195:15: warning: unused variable 'noObjects' [-Wunused-variable]
  unsigned int noObjects;                                                         // number of objects detected on a sigle frame
               ^
../src/main.cc:198:9: warning: unused variable 'objects' [-Wunused-variable]
  object objects[MAX_LABELS];
         ^
../src/main.cc:199:19: warning: unused variable 'obParameters' [-Wunused-variable]
  objectParameters obParameters[MAX_LABELS];
                   ^
Finished building: ../src/main.cc
 
Building file: ../src/objectAnalysis.cpp
Invoking: ARM g++ compiler
arm-xilinx-eabi-g++ -Wall -O0 -g3 -c -fmessage-length=0 -MT"src/objectAnalysis.o" -I../../vdma_bsp_0/ps7_cortexa9_0/include -MMD -MP -MF"src/objectAnalysis.d" -MT"src/objectAnalysis.d" -o "src/objectAnalysis.o" "../src/objectAnalysis.cpp"
../src/objectAnalysis.cpp: In member function 'void objectAnalysis::step(unsigned int, object*)':
../src/objectAnalysis.cpp:41:25: warning: comparison between signed and unsigned integer expressions [-Wsign-compare]
         for (int i=0; i < noObjects; i++) {
                         ^
../src/objectAnalysis.cpp:80:31: warning: comparison between signed and unsigned integer expressions [-Wsign-compare]
         for (int iPO = 0; iPO < m_objects.size(); iPO++) {
                               ^
../src/objectAnalysis.cpp:84:30: warning: comparison between signed and unsigned integer expressions [-Wsign-compare]
         for (int iNO =0; iNO < noObjects; iNO ++) { // loop over the new objects ...
                              ^
../src/objectAnalysis.cpp:95:39: warning: comparison between signed and unsigned integer expressions [-Wsign-compare]
                 for (int iPO = 0; iPO < m_objects.size(); iPO++) {
                                       ^
../src/objectAnalysis.cpp:193:27: warning: comparison between signed and unsigned integer expressions [-Wsign-compare]
     for (int iPO = 0; iPO < m_objects.size(); iPO++) {
                           ^
../src/objectAnalysis.cpp: In member function 'void objectAnalysis::simpleObjectAnalysis(unsigned int, object*)':
../src/objectAnalysis.cpp:246:23: warning: comparison between signed and unsigned integer expressions [-Wsign-compare]
       for (int i=0; i < noObjects; i++) {
                       ^
../src/objectAnalysis.cpp: In member function 'void objectAnalysis::displayObjectParameters()':
../src/objectAnalysis.cpp:297:22: warning: comparison between signed and unsigned integer expressions [-Wsign-compare]
     for (int  i=0; i < m_objects.size(); i++ ) {
                      ^
../src/objectAnalysis.cpp: In member function 'void objectAnalysis::getObjectParameters(unsigned int&, objectParameters*)':
../src/objectAnalysis.cpp:314:22: warning: comparison between signed and unsigned integer expressions [-Wsign-compare]
     for (int  i=0; i < m_objects.size(); i++ ) {
                      ^
Finished building: ../src/objectAnalysis.cpp
 
Building file: ../src/platform.cc
Invoking: ARM g++ compiler
arm-xilinx-eabi-g++ -Wall -O0 -g3 -c -fmessage-length=0 -MT"src/platform.o" -I../../vdma_bsp_0/ps7_cortexa9_0/include -MMD -MP -MF"src/platform.d" -MT"src/platform.d" -o "src/platform.o" "../src/platform.cc"
[...]
               ^
'Finished building: ../src/main.cc'
' '
'Building target: vdma.elf'
'Invoking: ARM g++ linker'
arm-xilinx-eabi-g++ -Wl,-T -Wl,../src/lscript.ld -L../../vdma_bsp_0/ps7_cortexa9_0/lib -o "vdma.elf"  ./src/bgModelFixed.o ./src/bgModelFloat.o ./src/image_processing_functions.o ./src/labellerOnePass.o ./src/main.o ./src/objectAnalysis.o ./src/platform.o   -Wl,--start-group,-lxil,-lgcc,-lc,-lstdc++,--end-group
'Finished building target: vdma.elf'
' '
'Invoking: ARM Print Size'
arm-xilinx-eabi-size vdma.elf  |tee "vdma.elf.size"
   text	   data	    bss	    dec	    hex	filename
 539900	   2704	42782256	43324860	29515bc	vdma.elf
'Finished building: vdma.elf.size'
' '
16:58:25 **** Incremental Build of configuration Release for project vdma ****
make all 
make: Nie ma nic do zrobienia w `all'.
16:58:53 **** Incremental Build of configuration Release for project vdma ****
make all 
make: Nie ma nic do zrobienia w `all'.
16:59:35 **** Incremental Build of configuration Release for project vdma ****
make all 
make: Nie ma nic do zrobienia w `all'.
17:00:53 **** Auto Build of configuration Release for project vdma ****
make all 
'Building file: ../src/main.cc'
'Invoking: ARM g++ compiler'
arm-xilinx-eabi-g++ -Wall -O3 -c -fmessage-length=0 -MT"src/main.o" -I../../vdma_bsp_0/ps7_cortexa9_0/include -MMD -MP -MF"src/main.d" -MT"src/main.d" -o "src/main.o" "../src/main.cc"
../src/main.cc: In function 'int main()':
../src/main.cc:173:6: warning: unused variable 'hsize_output' [-Wunused-variable]
  int hsize_output, vsize_output;      // rozdzielczosc - cala ramka - wyjscie
      ^
../src/main.cc:173:20: warning: unused variable 'vsize_output' [-Wunused-variable]
  int hsize_output, vsize_output;      // rozdzielczosc - cala ramka - wyjscie
                    ^
../src/main.cc:174:6: warning: variable 'hsize_active_output' set but not used [-Wunused-but-set-variable]
  int hsize_active_output, vsize_active_output;   // rozdzielczosc - tylko aktywyny obszar - wyjscie
      ^
../src/main.cc:174:27: warning: variable 'vsize_active_output' set but not used [-Wunused-but-set-variable]
  int hsize_active_output, vsize_active_output;   // rozdzielczosc - tylko aktywyny obszar - wyjscie
                           ^
../src/main.cc:176:6: warning: variable 'active_input' set but not used [-Wunused-but-set-variable]
  int active_input;
      ^
../src/main.cc:180:6: warning: unused variable 'vdma_write_SR' [-Wunused-variable]
  u32 vdma_write_SR,vdma_read_SR;
      ^
../src/main.cc:180:20: warning: unused variable 'vdma_read_SR' [-Wunused-variable]
  u32 vdma_write_SR,vdma_read_SR;
                    ^
../src/main.cc:185:6: warning: unused variable 'vdma_park' [-Wunused-variable]
  int vdma_park = 0;
      ^
../src/main.cc:186:6: warning: unused variable 'vdma_wrfrmstore' [-Wunused-variable]
  int vdma_wrfrmstore =0;
      ^
../src/main.cc:187:6: warning: unused variable 'vdma_wrfrmptrref' [-Wunused-variable]
  int vdma_wrfrmptrref = 0;
      ^
../src/main.cc:198:15: warning: unused variable 'noObjects' [-Wunused-variable]
  unsigned int noObjects;                                                         // number of objects detected on a sigle frame
               ^
../src/main.cc:251:87: warning: 'hsize_active_input' is used uninitialized in this function [-Wuninitialized]
      xil_printf("Image IN ACTIVE  %d x %d \n\r",hsize_active_input,vsize_active_input);
                                                                                       ^
../src/main.cc:251:87: warning: 'vsize_active_input' is used uninitialized in this function [-Wuninitialized]
'Finished building: ../src/main.cc'
' '
'Building target: vdma.elf'
'Invoking: ARM g++ linker'
arm-xilinx-eabi-g++ -Wl,-T -Wl,../src/lscript.ld -L../../vdma_bsp_0/ps7_cortexa9_0/lib -o "vdma.elf"  ./src/bgModelFixed.o ./src/bgModelFloat.o ./src/image_processing_functions.o ./src/labellerOnePass.o ./src/main.o ./src/objectAnalysis.o ./src/platform.o   -Wl,--start-group,-lxil,-lgcc,-lc,-lstdc++,--end-group
'Finished building target: vdma.elf'
' '
'Invoking: ARM Print Size'
arm-xilinx-eabi-size vdma.elf  |tee "vdma.elf.size"
   text	   data	    bss	    dec	    hex	filename
 540060	   2704	42782256	43325020	295165c	vdma.elf
'Finished building: vdma.elf.size'
' '
17:00:55 **** Incremental Build of configuration Release for project vdma ****
make all 
make: Nie ma nic do zrobienia w `all'.
17:01:25 **** Auto Build of configuration Release for project vdma ****
make all 
'Building file: ../src/main.cc'
'Invoking: ARM g++ compiler'
arm-xilinx-eabi-g++ -Wall -O3 -c -fmessage-length=0 -MT"src/main.o" -I../../vdma_bsp_0/ps7_cortexa9_0/include -MMD -MP -MF"src/main.d" -MT"src/main.d" -o "src/main.o" "../src/main.cc"
../src/main.cc: In function 'int main()':
../src/main.cc:174:6: warning: variable 'hsize_active_output' set but not used [-Wunused-but-set-variable]
  int hsize_active_output, vsize_active_output;   // rozdzielczosc - tylko aktywyny obszar - wyjscie
      ^
../src/main.cc:174:27: warning: variable 'vsize_active_output' set but not used [-Wunused-but-set-variable]
  int hsize_active_output, vsize_active_output;   // rozdzielczosc - tylko aktywyny obszar - wyjscie
                           ^
../src/main.cc:176:6: warning: variable 'active_input' set but not used [-Wunused-but-set-variable]
  int active_input;
      ^
../src/main.cc:180:6: warning: unused variable 'vdma_write_SR' [-Wunused-variable]
  u32 vdma_write_SR,vdma_read_SR;
      ^
../src/main.cc:180:20: warning: unused variable 'vdma_read_SR' [-Wunused-variable]
  u32 vdma_write_SR,vdma_read_SR;
                    ^
../src/main.cc:185:6: warning: unused variable 'vdma_park' [-Wunused-variable]
  int vdma_park = 0;
      ^
../src/main.cc:186:6: warning: unused variable 'vdma_wrfrmstore' [-Wunused-variable]
  int vdma_wrfrmstore =0;
      ^
../src/main.cc:187:6: warning: unused variable 'vdma_wrfrmptrref' [-Wunused-variable]
  int vdma_wrfrmptrref = 0;
      ^
../src/main.cc:198:15: warning: unused variable 'noObjects' [-Wunused-variable]
  unsigned int noObjects;                                                         // number of objects detected on a sigle frame
               ^
../src/main.cc:251:87: warning: 'hsize_active_input' is used uninitialized in this function [-Wuninitialized]
      xil_printf("Image IN ACTIVE  %d x %d \n\r",hsize_active_input,vsize_active_input);
                                                                                       ^
../src/main.cc:251:87: warning: 'vsize_active_input' is used uninitialized in this function [-Wuninitialized]
'Finished building: ../src/main.cc'
' '
'Building target: vdma.elf'
'Invoking: ARM g++ linker'
arm-xilinx-eabi-g++ -Wl,-T -Wl,../src/lscript.ld -L../../vdma_bsp_0/ps7_cortexa9_0/lib -o "vdma.elf"  ./src/bgModelFixed.o ./src/bgModelFloat.o ./src/image_processing_functions.o ./src/labellerOnePass.o ./src/main.o ./src/objectAnalysis.o ./src/platform.o   -Wl,--start-group,-lxil,-lgcc,-lc,-lstdc++,--end-group
'Finished building target: vdma.elf'
' '
'Invoking: ARM Print Size'
arm-xilinx-eabi-size vdma.elf  |tee "vdma.elf.size"
   text	   data	    bss	    dec	    hex	filename
 540180	   2704	42782256	43325140	29516d4	vdma.elf
'Finished building: vdma.elf.size'
' '
17:01:27 **** Incremental Build of configuration Release for project vdma ****
make all 
make: Nie ma nic do zrobienia w `all'.
17:02:14 **** Auto Build of configuration Release for project vdma ****
make all 
'Building file: ../src/main.cc'
'Invoking: ARM g++ compiler'
arm-xilinx-eabi-g++ -Wall -O3 -c -fmessage-length=0 -MT"src/main.o" -I../../vdma_bsp_0/ps7_cortexa9_0/include -MMD -MP -MF"src/main.d" -MT"src/main.d" -o "src/main.o" "../src/main.cc"
../src/main.cc: In function 'int main()':
../src/main.cc:174:6: warning: variable 'hsize_active_output' set but not used [-Wunused-but-set-variable]
  int hsize_active_output, vsize_active_output;   // rozdzielczosc - tylko aktywyny obszar - wyjscie
      ^
../src/main.cc:174:27: warning: variable 'vsize_active_output' set but not used [-Wunused-but-set-variable]
  int hsize_active_output, vsize_active_output;   // rozdzielczosc - tylko aktywyny obszar - wyjscie
                           ^
../src/main.cc:180:6: warning: unused variable 'vdma_write_SR' [-Wunused-variable]
  u32 vdma_write_SR,vdma_read_SR;
      ^
../src/main.cc:180:20: warning: unused variable 'vdma_read_SR' [-Wunused-variable]
  u32 vdma_write_SR,vdma_read_SR;
                    ^
../src/main.cc:185:6: warning: unused variable 'vdma_park' [-Wunused-variable]
  int vdma_park = 0;
      ^
../src/main.cc:186:6: warning: unused variable 'vdma_wrfrmstore' [-Wunused-variable]
  int vdma_wrfrmstore =0;
      ^
../src/main.cc:187:6: warning: unused variable 'vdma_wrfrmptrref' [-Wunused-variable]
  int vdma_wrfrmptrref = 0;
      ^
../src/main.cc:198:15: warning: unused variable 'noObjects' [-Wunused-variable]
  unsigned int noObjects;                                                         // number of objects detected on a sigle frame
               ^
'Finished building: ../src/main.cc'
' '
'Building target: vdma.elf'
'Invoking: ARM g++ linker'
arm-xilinx-eabi-g++ -Wl,-T -Wl,../src/lscript.ld -L../../vdma_bsp_0/ps7_cortexa9_0/lib -o "vdma.elf"  ./src/bgModelFixed.o ./src/bgModelFloat.o ./src/image_processing_functions.o ./src/labellerOnePass.o ./src/main.o ./src/objectAnalysis.o ./src/platform.o   -Wl,--start-group,-lxil,-lgcc,-lc,-lstdc++,--end-group
'Finished building target: vdma.elf'
' '
'Invoking: ARM Print Size'
arm-xilinx-eabi-size vdma.elf  |tee "vdma.elf.size"
   text	   data	    bss	    dec	    hex	filename
 540180	   2704	42782256	43325140	29516d4	vdma.elf
'Finished building: vdma.elf.size'
' '
17:02:15 **** Incremental Build of configuration Release for project vdma ****
make all 
make: Nie ma nic do zrobienia w `all'.
17:04:05 **** Auto Build of configuration Release for project vdma ****
make all 
'Building file: ../src/main.cc'
'Invoking: ARM g++ compiler'
arm-xilinx-eabi-g++ -Wall -O3 -c -fmessage-length=0 -MT"src/main.o" -I../../vdma_bsp_0/ps7_cortexa9_0/include -MMD -MP -MF"src/main.d" -MT"src/main.d" -o "src/main.o" "../src/main.cc"
../src/main.cc: In function 'int main()':
../src/main.cc:180:6: warning: unused variable 'vdma_write_SR' [-Wunused-variable]
  u32 vdma_write_SR,vdma_read_SR;
      ^
../src/main.cc:180:20: warning: unused variable 'vdma_read_SR' [-Wunused-variable]
  u32 vdma_write_SR,vdma_read_SR;
                    ^
../src/main.cc:185:6: warning: unused variable 'vdma_park' [-Wunused-variable]
  int vdma_park = 0;
      ^
../src/main.cc:186:6: warning: unused variable 'vdma_wrfrmstore' [-Wunused-variable]
  int vdma_wrfrmstore =0;
      ^
../src/main.cc:187:6: warning: unused variable 'vdma_wrfrmptrref' [-Wunused-variable]
  int vdma_wrfrmptrref = 0;
      ^
../src/main.cc:198:15: warning: unused variable 'noObjects' [-Wunused-variable]
  unsigned int noObjects;                                                         // number of objects detected on a sigle frame
               ^
'Finished building: ../src/main.cc'
' '
'Building target: vdma.elf'
'Invoking: ARM g++ linker'
arm-xilinx-eabi-g++ -Wl,-T -Wl,../src/lscript.ld -L../../vdma_bsp_0/ps7_cortexa9_0/lib -o "vdma.elf"  ./src/bgModelFixed.o ./src/bgModelFloat.o ./src/image_processing_functions.o ./src/labellerOnePass.o ./src/main.o ./src/objectAnalysis.o ./src/platform.o   -Wl,--start-group,-lxil,-lgcc,-lc,-lstdc++,--end-group
'Finished building target: vdma.elf'
' '
'Invoking: ARM Print Size'
arm-xilinx-eabi-size vdma.elf  |tee "vdma.elf.size"
   text	   data	    bss	    dec	    hex	filename
 540332	   2704	42782256	43325292	295176c	vdma.elf
'Finished building: vdma.elf.size'
' '
17:04:06 **** Incremental Build of configuration Release for project vdma ****
make all 
make: Nie ma nic do zrobienia w `all'.
17:07:06 **** Auto Build of configuration Release for project vdma ****
make all 
'Building file: ../src/main.cc'
'Invoking: ARM g++ compiler'
arm-xilinx-eabi-g++ -Wall -O3 -c -fmessage-length=0 -MT"src/main.o" -I../../vdma_bsp_0/ps7_cortexa9_0/include -MMD -MP -MF"src/main.d" -MT"src/main.d" -o "src/main.o" "../src/main.cc"
../src/main.cc: In function 'int main()':
../src/main.cc:180:6: warning: unused variable 'vdma_write_SR' [-Wunused-variable]
  u32 vdma_write_SR,vdma_read_SR;
      ^
../src/main.cc:180:20: warning: unused variable 'vdma_read_SR' [-Wunused-variable]
  u32 vdma_write_SR,vdma_read_SR;
                    ^
../src/main.cc:185:6: warning: unused variable 'vdma_park' [-Wunused-variable]
  int vdma_park = 0;
      ^
../src/main.cc:186:6: warning: unused variable 'vdma_wrfrmstore' [-Wunused-variable]
  int vdma_wrfrmstore =0;
      ^
../src/main.cc:187:6: warning: unused variable 'vdma_wrfrmptrref' [-Wunused-variable]
  int vdma_wrfrmptrref = 0;
      ^
../src/main.cc:198:15: warning: unused variable 'noObjects' [-Wunused-variable]
  unsigned int noObjects;                                                         // number of objects detected on a sigle frame
               ^
'Finished building: ../src/main.cc'
' '
'Building target: vdma.elf'
'Invoking: ARM g++ linker'
arm-xilinx-eabi-g++ -Wl,-T -Wl,../src/lscript.ld -L../../vdma_bsp_0/ps7_cortexa9_0/lib -o "vdma.elf"  ./src/bgModelFixed.o ./src/bgModelFloat.o ./src/image_processing_functions.o ./src/labellerOnePass.o ./src/main.o ./src/objectAnalysis.o ./src/platform.o   -Wl,--start-group,-lxil,-lgcc,-lc,-lstdc++,--end-group
'Finished building target: vdma.elf'
' '
'Invoking: ARM Print Size'
arm-xilinx-eabi-size vdma.elf  |tee "vdma.elf.size"
   text	   data	    bss	    dec	    hex	filename
 540332	   2704	42782256	43325292	295176c	vdma.elf
'Finished building: vdma.elf.size'
' '
17:07:11 **** Incremental Build of configuration Release for project vdma ****
make all 
make: Nie ma nic do zrobienia w `all'.
17:07:30 **** Auto Build of configuration Release for project vdma ****
make all 
'Building file: ../src/main.cc'
'Invoking: ARM g++ compiler'
arm-xilinx-eabi-g++ -Wall -O3 -c -fmessage-length=0 -MT"src/main.o" -I../../vdma_bsp_0/ps7_cortexa9_0/include -MMD -MP -MF"src/main.d" -MT"src/main.d" -o "src/main.o" "../src/main.cc"
../src/main.cc: In function 'int main()':
../src/main.cc:180:6: warning: unused variable 'vdma_write_SR' [-Wunused-variable]
  u32 vdma_write_SR,vdma_read_SR;
      ^
../src/main.cc:180:20: warning: unused variable 'vdma_read_SR' [-Wunused-variable]
  u32 vdma_write_SR,vdma_read_SR;
                    ^
../src/main.cc:185:6: warning: unused variable 'vdma_park' [-Wunused-variable]
  int vdma_park = 0;
      ^
../src/main.cc:186:6: warning: unused variable 'vdma_wrfrmstore' [-Wunused-variable]
  int vdma_wrfrmstore =0;
      ^
../src/main.cc:187:6: warning: unused variable 'vdma_wrfrmptrref' [-Wunused-variable]
  int vdma_wrfrmptrref = 0;
      ^
../src/main.cc:198:15: warning: unused variable 'noObjects' [-Wunused-variable]
  unsigned int noObjects;                                                         // number of objects detected on a sigle frame
               ^
'Finished building: ../src/main.cc'
' '
'Building target: vdma.elf'
'Invoking: ARM g++ linker'
arm-xilinx-eabi-g++ -Wl,-T -Wl,../src/lscript.ld -L../../vdma_bsp_0/ps7_cortexa9_0/lib -o "vdma.elf"  ./src/bgModelFixed.o ./src/bgModelFloat.o ./src/image_processing_functions.o ./src/labellerOnePass.o ./src/main.o ./src/objectAnalysis.o ./src/platform.o   -Wl,--start-group,-lxil,-lgcc,-lc,-lstdc++,--end-group
'Finished building target: vdma.elf'
' '
'Invoking: ARM Print Size'
arm-xilinx-eabi-size vdma.elf  |tee "vdma.elf.size"
   text	   data	    bss	    dec	    hex	filename
 540332	   2704	42782256	43325292	295176c	vdma.elf
'Finished building: vdma.elf.size'
' '
17:07:32 **** Incremental Build of configuration Release for project vdma ****
make all 
make: Nie ma nic do zrobienia w `all'.
13:46:30 **** Incremental Build of configuration Release for project vdma ****
make all 
make: Nie ma nic do zrobienia w `all'.
17:16:36 **** Incremental Build of configuration Release for project vdma ****
make all 
make: Nie ma nic do zrobienia w `all'.
17:16:49 **** Incremental Build of configuration Release for project vdma ****
make all 
make: Nie ma nic do zrobienia w `all'.
17:16:55 **** Incremental Build of configuration Release for project vdma ****
make all 
make: Nie ma nic do zrobienia w `all'.
17:17:18 **** Incremental Build of configuration Release for project vdma ****
make all 
make: Nie ma nic do zrobienia w `all'.
17:18:20 **** Incremental Build of configuration Release for project vdma ****
make all 
make: Nie ma nic do zrobienia w `all'.
17:18:35 **** Incremental Build of configuration Release for project vdma ****
make all 
make: Nie ma nic do zrobienia w `all'.
17:19:09 **** Incremental Build of configuration Release for project vdma ****
make all 
make: Nie ma nic do zrobienia w `all'.
17:19:16 **** Incremental Build of configuration Release for project vdma ****
make all 
make: Nie ma nic do zrobienia w `all'.
17:19:17 **** Incremental Build of configuration Release for project vdma ****
make all 
make: Nie ma nic do zrobienia w `all'.
17:19:18 **** Incremental Build of configuration Release for project vdma ****
make all 
make: Nie ma nic do zrobienia w `all'.
17:23:03 **** Incremental Build of configuration Release for project vdma ****
make all 
make: Nie ma nic do zrobienia w `all'.
17:23:20 **** Incremental Build of configuration Release for project vdma ****
make all 
make: Nie ma nic do zrobienia w `all'.
17:23:38 **** Incremental Build of configuration Release for project vdma ****
make all 
make: Nie ma nic do zrobienia w `all'.
17:23:50 **** Incremental Build of configuration Release for project vdma ****
make all 
make: Nie ma nic do zrobienia w `all'.
17:24:52 **** Incremental Build of configuration Release for project vdma ****
make all 
make: Nie ma nic do zrobienia w `all'.
17:25:37 **** Incremental Build of configuration Release for project vdma ****
make all 
make: Nie ma nic do zrobienia w `all'.
13:15:12 **** Incremental Build of configuration Release for project vdma ****
make all 
make: Nie ma nic do zrobienia w `all'.
13:15:28 **** Incremental Build of configuration Release for project vdma ****
make all 
make: Nie ma nic do zrobienia w `all'.
13:15:45 **** Incremental Build of configuration Release for project vdma ****
make all 
make: Nie ma nic do zrobienia w `all'.
13:16:19 **** Incremental Build of configuration Release for project vdma ****
make all 
make: Nie ma nic do zrobienia w `all'.
13:18:23 **** Incremental Build of configuration Release for project vdma ****
make all 
make: Nie ma nic do zrobienia w `all'.
13:19:01 **** Incremental Build of configuration Release for project vdma ****
make all 
make: Nie ma nic do zrobienia w `all'.
14:25:57 **** Auto Build of configuration Release for project vdma ****
make all 
make: Nie ma nic do zrobienia w `all'.
14:34:52 **** Incremental Build of configuration Release for project vdma ****
make all 
make: Nie ma nic do zrobienia w `all'.
14:35:23 **** Incremental Build of configuration Release for project vdma ****
make all 
make: Nie ma nic do zrobienia w `all'.
14:55:10 **** Incremental Build of configuration Release for project vdma ****
make all 
make: Nie ma nic do zrobienia w `all'.
14:57:19 **** Incremental Build of configuration Release for project vdma ****
make all 
make: Nie ma nic do zrobienia w `all'.
14:58:34 **** Incremental Build of configuration Release for project vdma ****
make all 
make: Nie ma nic do zrobienia w `all'.
14:59:01 **** Incremental Build of configuration Release for project vdma ****
make all 
make: Nie ma nic do zrobienia w `all'.
14:59:44 **** Incremental Build of configuration Release for project vdma ****
make all 
make: Nie ma nic do zrobienia w `all'.
15:03:32 **** Incremental Build of configuration Release for project vdma ****
make all 
make: Nie ma nic do zrobienia w `all'.
