#-----------------------------------------------------------
# Vivado v2015.4 (64-bit)
# SW Build 1412921 on Wed Nov 18 09:43:45 MST 2015
# IP Build 1412160 on Tue Nov 17 13:47:24 MST 2015
# Start of session at: Fri Sep 02 10:39:56 2016
# Process ID: 4496
# Current directory: D:/zybo/hdmi_zybo_vga_axi_stream_wc
# Command line: vivado.exe -gui_launcher_event rodinguilauncherevent9544 D:\zybo\hdmi_zybo_vga_axi_stream_wc\hdmi_vga_zybo.xpr
# Log file: D:/zybo/hdmi_zybo_vga_axi_stream_wc/vivado.log
# Journal file: D:/zybo/hdmi_zybo_vga_axi_stream_wc\vivado.jou
#-----------------------------------------------------------
start_gui
open_project D:/zybo/hdmi_zybo_vga_axi_stream_wc/hdmi_vga_zybo.xpr
open_hw
connect_hw_server
open_hw_target
set_property PROGRAM.FILE {D:/zybo/hdmi_zybo_vga_axi_stream_wc/hdmi_vga_zybo.runs/impl_1/hdmi_vga_vision_wrapper.bit} [lindex [get_hw_devices] 1]
set_property PROBES.FILE {D:/zybo/hdmi_zybo_vga_axi_stream_wc/hdmi_vga_zybo.runs/impl_4/debug_nets.ltx} [lindex [get_hw_devices] 1]
current_hw_device [lindex [get_hw_devices] 1]
refresh_hw_device -update_hw_probes false [lindex [get_hw_devices] 1]
set_property PROBES.FILE {D:/zybo/hdmi_zybo_vga_axi_stream_wc/hdmi_vga_zybo.runs/impl_4/debug_nets.ltx} [lindex [get_hw_devices] 1]
set_property PROGRAM.FILE {D:/zybo/hdmi_zybo_vga_axi_stream_wc/hdmi_vga_zybo.runs/impl_1/hdmi_vga_vision_wrapper.bit} [lindex [get_hw_devices] 1]
program_hw_devices [lindex [get_hw_devices] 1]
refresh_hw_device [lindex [get_hw_devices] 1]
set_property PROBES.FILE {D:/zybo/hdmi_zybo_vga_axi_stream_wc/hdmi_vga_zybo.runs/impl_4/debug_nets.ltx} [lindex [get_hw_devices] 1]
set_property PROGRAM.FILE {D:/zybo/hdmi_zybo_vga_axi_stream_wc/hdmi_vga_zybo.runs/impl_1/hdmi_vga_vision_wrapper.bit} [lindex [get_hw_devices] 1]
program_hw_devices [lindex [get_hw_devices] 1]
refresh_hw_device [lindex [get_hw_devices] 1]
open_bd_design {D:/zybo/hdmi_zybo_vga_axi_stream_wc/hdmi_vga_zybo.srcs/sources_1/bd/hdmi_vga_vision/hdmi_vga_vision.bd}
disconnect_hw_server localhost:3121
connect_hw_server
open_hw_target
set_property PROGRAM.FILE {D:/zybo/hdmi_zybo_vga_axi_stream_wc/hdmi_vga_zybo.runs/impl_1/hdmi_vga_vision_wrapper.bit} [lindex [get_hw_devices] 1]
set_property PROBES.FILE {D:/zybo/hdmi_zybo_vga_axi_stream_wc/hdmi_vga_zybo.runs/impl_4/debug_nets.ltx} [lindex [get_hw_devices] 1]
current_hw_device [lindex [get_hw_devices] 1]
refresh_hw_device -update_hw_probes false [lindex [get_hw_devices] 1]
set_property PROBES.FILE {D:/zybo/hdmi_zybo_vga_axi_stream_wc/hdmi_vga_zybo.runs/impl_4/debug_nets.ltx} [lindex [get_hw_devices] 1]
set_property PROGRAM.FILE {D:/zybo/hdmi_zybo_vga_axi_stream_wc/hdmi_vga_zybo.runs/impl_1/hdmi_vga_vision_wrapper.bit} [lindex [get_hw_devices] 1]
program_hw_devices [lindex [get_hw_devices] 1]
refresh_hw_device [lindex [get_hw_devices] 1]
